
 /----------------------------------------------------------------------------\
 |  yosys -- Yosys Open SYnthesis Suite                                       |
 |  Copyright (C) 2012 - 2026  Claire Xenia Wolf <claire@yosyshq.com>         |
 |  Distributed under an ISC-like license, type "license" to see terms        |
 \----------------------------------------------------------------------------/
 Yosys 0.68+post (git sha1 c12172fbae8af5e20f6fb52e3d4e92d56ed587b6, Release, AppleClang clang++ 21.0.0.21000101)

-- Executing script file `design_smt2.ys' --

1. Executing RTLIL frontend.
Input filename: design_prep.il

2. Executing HIERARCHY pass (managing design hierarchy).
Attribute `top' found on module `tick_formal_top'. Setting top module to tick_formal_top.

2.1. Analyzing design hierarchy..
Top module:  \tick_formal_top
Used module:     \tick_core

2.2. Analyzing design hierarchy..
Top module:  \tick_formal_top
Used module:     \tick_core
Removed 0 unused modules.
Module tick_formal_top directly or indirectly contains formal properties -> setting "keep" attribute.

3. Executing FORMALFF pass.

4. Executing DFFUNMAP pass (unmap clock enable and synchronous reset from FFs).

5. Printing statistics.

=== tick_core ===

        +----------Local Count, excluding submodules.
        | 
     1329 wires
     9804 wire bits
      289 public wires
     2920 public wire bits
       25 ports
      104 port bits
     1307 cells
        9   $add
        1   $and
      126   $anyinit
       41   $anyseq
        1   $assume
      197   $eq
        1   $ge
       10   $logic_and
       29   $logic_not
        4   $logic_or
      843   $mux
        1   $neg
        4   $not
        1   $or
       27   $pmux
        5   $reduce_bool
        2   $shift
        1   $shiftx
        4   $sub

=== tick_formal_top ===

        +----------Local Count, excluding submodules.
        | 
       44 wires
       89 wire bits
       24 public wires
       69 public wire bits
       10 ports
       39 port bits
       28 cells
        1   $anyinit
        4   $assert
        2   $assume
        7   $ff
        1   $initstate
        2   $logic_and
        4   $logic_not
        4   $mux
        1   $not
        2   $reduce_bool
        1 submodules
        1   tick_core

=== design hierarchy ===

        +----------Count including submodules.
        | 
     1335 tick_formal_top
     1307 tick_core

        +----------Count including submodules.
        | 
     1373 wires
     9893 wire bits
      313 public wires
     2989 public wire bits
       35 ports
      143 port bits
        - memories
        - memory bits
        - processes
     1335 cells
        9   $add
        1   $and
      127   $anyinit
       41   $anyseq
        4   $assert
        3   $assume
      197   $eq
        7   $ff
        1   $ge
        1   $initstate
       12   $logic_and
       33   $logic_not
        4   $logic_or
      847   $mux
        1   $neg
        5   $not
        1   $or
       27   $pmux
        7   $reduce_bool
        2   $shift
        1   $shiftx
        4   $sub
        1 submodules
        1   tick_core

6. Executing SMT2 backend.

6.1. Executing BMUXMAP pass.

6.2. Executing DEMUXMAP pass.
Creating SMT-LIBv2 representation of module tick_core.
Creating SMT-LIBv2 representation of module tick_formal_top.

End of script. Logfile hash: 240f48e08f, time: 0.02s, user: 0.02s, system: 0.00s, MEM: 18.50 MB peak
Yosys 0.68+post (git sha1 c12172fbae8af5e20f6fb52e3d4e92d56ed587b6, Release, AppleClang clang++ 21.0.0.21000101)
Time spent: 78% 2x write_smt2 (0 sec), 14% 2x read_rtlil (0 sec), ...
