
 /----------------------------------------------------------------------------\
 |  yosys -- Yosys Open SYnthesis Suite                                       |
 |  Copyright (C) 2012 - 2026  Claire Xenia Wolf <claire@yosyshq.com>         |
 |  Distributed under an ISC-like license, type "license" to see terms        |
 \----------------------------------------------------------------------------/
 Yosys 0.68+post (git sha1 c12172fbae8af5e20f6fb52e3d4e92d56ed587b6, Release, AppleClang clang++ 21.0.0.21000101)

-- Executing script file `../model/design.ys' --

1. Executing Verilog-2005 frontend: tick_core.sv
Parsing SystemVerilog input from `tick_core.sv' to AST representation.
Storing AST representation for module `$abstract\tick_core'.
Successfully finished Verilog frontend.

2. Executing Verilog-2005 frontend: tick_formal_top.sv
Parsing SystemVerilog input from `tick_formal_top.sv' to AST representation.
Storing AST representation for module `$abstract\tick_formal_top'.
Successfully finished Verilog frontend.

3. Executing PREP pass.

3.1. Executing HIERARCHY pass (managing design hierarchy).

3.2. Executing AST frontend in derive mode using pre-parsed AST for module `\tick_formal_top'.
Generating RTLIL representation for module `\tick_formal_top'.

3.2.1. Analyzing design hierarchy..
Top module:  \tick_formal_top

3.2.2. Executing AST frontend in derive mode using pre-parsed AST for module `\tick_core'.
Generating RTLIL representation for module `\tick_core'.
Warning: Replacing memory \rxfifo with list of registers. See tick_core.sv:341
Warning: Replacing memory \txfifo with list of registers. See tick_core.sv:119
Warning: Replacing memory \rf with list of registers. See tick_core.sv:105
Warning: Replacing memory \imem with list of registers. See tick_core.sv:104

3.2.3. Analyzing design hierarchy..
Top module:  \tick_formal_top
Used module:     \tick_core

3.2.4. Analyzing design hierarchy..
Top module:  \tick_formal_top
Used module:     \tick_core
Removing unused module `$abstract\tick_formal_top'.
Removing unused module `$abstract\tick_core'.
Removed 2 unused modules.
Module tick_formal_top directly or indirectly contains formal properties -> setting "keep" attribute.

3.3. Executing PROC pass (convert processes to netlists).

3.3.1. Executing PROC_CLEAN pass (remove empty switches from decision trees).
Cleaned up 0 empty switches.

3.3.2. Executing PROC_RMDEAD pass (remove dead branches from decision trees).
Removed 1 dead cases from process $proc$tick_core.sv:86$531 in module tick_core.
Marked 1 switch rules as full_case in process $proc$tick_core.sv:86$531 in module tick_core.
Removed 16 dead cases from process $proc$tick_core.sv:91$68 in module tick_core.
Marked 68 switch rules as full_case in process $proc$tick_core.sv:91$68 in module tick_core.
Removed a total of 17 dead cases.

3.3.3. Executing PROC_PRUNE pass (remove redundant assignments in processes).
Removed 3 redundant assignments.
Promoted 79 assignments to connections.

3.3.4. Executing PROC_INIT pass (extract init attributes).
Found init rule in `\tick_formal_top.$proc$tick_formal_top.sv:58$24'.
  Set init value: \saw_reset = 1'0

3.3.5. Executing PROC_ARST pass (detect async resets in processes).
Found async reset \rst_n in `\tick_core.$proc$tick_core.sv:91$68'.

3.3.6. Executing PROC_ROM pass (convert switches to ROMs).
Converted 0 switches.
<suppressed ~84 debug messages>

3.3.7. Executing PROC_MUX pass (convert decision trees to multiplexers).
Creating decoders for process `\tick_core.$proc$tick_core.sv:86$531'.
     1/1: $1$mem2reg_rd$\imem$tick_core.sv:86$27_DATA[15:0]$533
Creating decoders for process `\tick_core.$proc$tick_core.sv:91$68'.
     1/517: $12\main.issued[0:0]
     2/517: $6$mem2reg_wr$\rf$tick_core.sv:352$55_DATA[7:0]$528
     3/517: $6$mem2reg_wr$\rf$tick_core.sv:352$55_ADDR[1:0]$527
     4/517: $5$mem2reg_wr$\rf$tick_core.sv:352$55_DATA[7:0]$525
     5/517: $5$mem2reg_wr$\rf$tick_core.sv:352$55_ADDR[1:0]$524
     6/517: $11\main.issued[0:0]
     7/517: $6$mem2reg_rd$\rf$tick_core.sv:341$54_DATA[7:0]$521
     8/517: $10\main.issued[0:0]
     9/517: $5$mem2reg_wr$\rxfifo$tick_core.sv:341$53_ADDR[2:0]$517
    10/517: $5$mem2reg_wr$\rxfifo$tick_core.sv:341$53_DATA[9:0]$518
    11/517: $5$mem2reg_rd$\rf$tick_core.sv:341$54_DATA[7:0]$520
    12/517: $5$mem2reg_rd$\rf$tick_core.sv:341$54_ADDR[1:0]$519
    13/517: $8\main.stalled[0:0]
    14/517: $6$mem2reg_rd$\txfifo$tick_core.sv:333$52_DATA[9:0]$513
    15/517: $6$mem2reg_rd$\txfifo$tick_core.sv:332$51_DATA[9:0]$512
    16/517: $6$mem2reg_rd$\txfifo$tick_core.sv:330$49_DATA[9:0]$511
    17/517: $9\main.issued[0:0]
    18/517: $6$mem2reg_wr$\rf$tick_core.sv:319$48_ADDR[1:0]$509
    19/517: $6$mem2reg_wr$\rf$tick_core.sv:319$48_DATA[7:0]$510
    20/517: $5$mem2reg_wr$\rf$tick_core.sv:319$48_DATA[7:0]$500
    21/517: $5$mem2reg_wr$\rf$tick_core.sv:319$48_ADDR[1:0]$499
    22/517: $8\main.issued[0:0]
    23/517: $5$mem2reg_rd$\txfifo$tick_core.sv:333$52_DATA[9:0]$508
    24/517: $5$mem2reg_rd$\txfifo$tick_core.sv:333$52_ADDR[2:0]$507
    25/517: $5$mem2reg_rd$\txfifo$tick_core.sv:332$51_DATA[9:0]$506
    26/517: $5$mem2reg_rd$\txfifo$tick_core.sv:332$51_ADDR[2:0]$505
    27/517: $5$mem2reg_wr$\rf$tick_core.sv:331$50_DATA[7:0]$504
    28/517: $5$mem2reg_wr$\rf$tick_core.sv:331$50_ADDR[1:0]$503
    29/517: $5$mem2reg_rd$\txfifo$tick_core.sv:330$49_DATA[9:0]$502
    30/517: $5$mem2reg_rd$\txfifo$tick_core.sv:330$49_ADDR[2:0]$501
    31/517: $8\main.tmp[7:0]
    32/517: $7$mem2reg_rd$\rf$tick_core.sv:310$47_DATA[7:0]$498
    33/517: $7$mem2reg_rd$\rf$tick_core.sv:304$46_DATA[7:0]$497
    34/517: $13$lookahead\a_res$66[15:0]$496
    35/517: $6$mem2reg_rd$\rf$tick_core.sv:304$46_DATA[7:0]$493
    36/517: $6$mem2reg_rd$\rf$tick_core.sv:304$46_ADDR[1:0]$492
    37/517: $6$mem2reg_rd$\rf$tick_core.sv:310$47_DATA[7:0]$495
    38/517: $6$mem2reg_rd$\rf$tick_core.sv:310$47_ADDR[1:0]$494
    39/517: $7\main.stalled[0:0]
    40/517: $12$lookahead\a_res$66[15:0]$489
    41/517: $5$mem2reg_rd$\rf$tick_core.sv:310$47_DATA[7:0]$488
    42/517: $5$mem2reg_rd$\rf$tick_core.sv:310$47_ADDR[1:0]$487
    43/517: $5$mem2reg_rd$\rf$tick_core.sv:304$46_DATA[7:0]$486
    44/517: $5$mem2reg_rd$\rf$tick_core.sv:304$46_ADDR[1:0]$485
    45/517: $7\main.issued[0:0]
    46/517: $6$mem2reg_rd$\rf$tick_core.sv:286$44_DATA[7:0]$483
    47/517: $6$mem2reg_rd$\rf$tick_core.sv:285$43_DATA[7:0]$482
    48/517: $6$mem2reg_rd$\rf$tick_core.sv:279$41_DATA[7:0]$479
    49/517: $6$mem2reg_rd$\rf$tick_core.sv:279$40_DATA[7:0]$478
    50/517: $6$mem2reg_rd$\rf$tick_core.sv:276$39_DATA[7:0]$476
    51/517: $6$mem2reg_rd$\rf$tick_core.sv:275$38_DATA[7:0]$475
    52/517: $5$mem2reg_rd$\rf$tick_core.sv:276$39_DATA[7:0]$462
    53/517: $5$mem2reg_rd$\rf$tick_core.sv:276$39_ADDR[1:0]$461
    54/517: $5$mem2reg_wr$\rf$tick_core.sv:275$37_ADDR[1:0]$457
    55/517: $5$mem2reg_wr$\rf$tick_core.sv:275$37_DATA[7:0]$458
    56/517: $5$mem2reg_rd$\rf$tick_core.sv:275$38_DATA[7:0]$460
    57/517: $5$mem2reg_rd$\rf$tick_core.sv:275$38_ADDR[1:0]$459
    58/517: $5$mem2reg_wr$\rf$tick_core.sv:287$45_DATA[7:0]$474
    59/517: $5$mem2reg_wr$\rf$tick_core.sv:287$45_ADDR[1:0]$473
    60/517: $5$mem2reg_rd$\rf$tick_core.sv:286$44_DATA[7:0]$472
    61/517: $5$mem2reg_rd$\rf$tick_core.sv:286$44_ADDR[1:0]$471
    62/517: $5$mem2reg_rd$\rf$tick_core.sv:285$43_DATA[7:0]$470
    63/517: $5$mem2reg_rd$\rf$tick_core.sv:285$43_ADDR[1:0]$469
    64/517: $5$mem2reg_wr$\rf$tick_core.sv:280$42_DATA[7:0]$468
    65/517: $5$mem2reg_wr$\rf$tick_core.sv:280$42_ADDR[1:0]$467
    66/517: $5$mem2reg_rd$\rf$tick_core.sv:279$41_DATA[7:0]$466
    67/517: $5$mem2reg_rd$\rf$tick_core.sv:279$41_ADDR[1:0]$465
    68/517: $5$mem2reg_rd$\rf$tick_core.sv:279$40_DATA[7:0]$464
    69/517: $5$mem2reg_rd$\rf$tick_core.sv:279$40_ADDR[1:0]$463
    70/517: $5\main.sum[8:0]
    71/517: $7\main.tmp[7:0]
    72/517: $5\main.next_pc[5:0]
    73/517: $10\main.take[0:0]
    74/517: $6\main.stalled[0:0]
    75/517: $6\main.issued[0:0]
    76/517: $5\main.stalled[0:0]
    77/517: $5\main.issued[0:0]
    78/517: $4\main.stalled[0:0]
    79/517: $4\main.issued[0:0]
    80/517: $11$lookahead\a_res$66[15:0]$448
    81/517: $4$mem2reg_wr$\rf$tick_core.sv:352$55_DATA[7:0]$447
    82/517: $4$mem2reg_wr$\rf$tick_core.sv:352$55_ADDR[1:0]$446
    83/517: $4$mem2reg_rd$\rf$tick_core.sv:341$54_DATA[7:0]$445
    84/517: $4$mem2reg_rd$\rf$tick_core.sv:341$54_ADDR[1:0]$444
    85/517: $4$mem2reg_wr$\rxfifo$tick_core.sv:341$53_DATA[9:0]$443
    86/517: $4$mem2reg_wr$\rxfifo$tick_core.sv:341$53_ADDR[2:0]$442
    87/517: $4$mem2reg_rd$\txfifo$tick_core.sv:333$52_DATA[9:0]$441
    88/517: $4$mem2reg_rd$\txfifo$tick_core.sv:333$52_ADDR[2:0]$440
    89/517: $4$mem2reg_rd$\txfifo$tick_core.sv:332$51_DATA[9:0]$439
    90/517: $4$mem2reg_rd$\txfifo$tick_core.sv:332$51_ADDR[2:0]$438
    91/517: $4$mem2reg_wr$\rf$tick_core.sv:331$50_DATA[7:0]$437
    92/517: $4$mem2reg_wr$\rf$tick_core.sv:331$50_ADDR[1:0]$436
    93/517: $4$mem2reg_rd$\txfifo$tick_core.sv:330$49_DATA[9:0]$435
    94/517: $4$mem2reg_rd$\txfifo$tick_core.sv:330$49_ADDR[2:0]$434
    95/517: $4$mem2reg_wr$\rf$tick_core.sv:319$48_DATA[7:0]$433
    96/517: $4$mem2reg_wr$\rf$tick_core.sv:319$48_ADDR[1:0]$432
    97/517: $4$mem2reg_rd$\rf$tick_core.sv:310$47_DATA[7:0]$431
    98/517: $4$mem2reg_rd$\rf$tick_core.sv:310$47_ADDR[1:0]$430
    99/517: $4$mem2reg_rd$\rf$tick_core.sv:304$46_DATA[7:0]$429
   100/517: $4$mem2reg_rd$\rf$tick_core.sv:304$46_ADDR[1:0]$428
   101/517: $4$mem2reg_wr$\rf$tick_core.sv:287$45_DATA[7:0]$427
   102/517: $4$mem2reg_wr$\rf$tick_core.sv:287$45_ADDR[1:0]$426
   103/517: $4$mem2reg_rd$\rf$tick_core.sv:286$44_DATA[7:0]$425
   104/517: $4$mem2reg_rd$\rf$tick_core.sv:286$44_ADDR[1:0]$424
   105/517: $4$mem2reg_rd$\rf$tick_core.sv:285$43_DATA[7:0]$423
   106/517: $4$mem2reg_rd$\rf$tick_core.sv:285$43_ADDR[1:0]$422
   107/517: $4$mem2reg_wr$\rf$tick_core.sv:280$42_DATA[7:0]$421
   108/517: $4$mem2reg_wr$\rf$tick_core.sv:280$42_ADDR[1:0]$420
   109/517: $4$mem2reg_rd$\rf$tick_core.sv:279$41_DATA[7:0]$419
   110/517: $4$mem2reg_rd$\rf$tick_core.sv:279$41_ADDR[1:0]$418
   111/517: $4$mem2reg_rd$\rf$tick_core.sv:279$40_DATA[7:0]$417
   112/517: $4$mem2reg_rd$\rf$tick_core.sv:279$40_ADDR[1:0]$416
   113/517: $4$mem2reg_rd$\rf$tick_core.sv:276$39_DATA[7:0]$415
   114/517: $4$mem2reg_rd$\rf$tick_core.sv:276$39_ADDR[1:0]$414
   115/517: $4$mem2reg_rd$\rf$tick_core.sv:275$38_DATA[7:0]$413
   116/517: $4$mem2reg_rd$\rf$tick_core.sv:275$38_ADDR[1:0]$412
   117/517: $4$mem2reg_wr$\rf$tick_core.sv:275$37_DATA[7:0]$411
   118/517: $4$mem2reg_wr$\rf$tick_core.sv:275$37_ADDR[1:0]$410
   119/517: $4$mem2reg_wr$\rf$tick_core.sv:268$36_DATA[7:0]$409
   120/517: $4$mem2reg_wr$\rf$tick_core.sv:268$36_ADDR[1:0]$408
   121/517: $4\main.next_pc[5:0]
   122/517: $9\main.take[0:0]
   123/517: $4\main.sum[8:0]
   124/517: $6\main.tmp[7:0]
   125/517: $10$lookahead\a_res$66[15:0]$407
   126/517: $3$mem2reg_wr$\rf$tick_core.sv:352$55_DATA[7:0]$406
   127/517: $3$mem2reg_wr$\rf$tick_core.sv:352$55_ADDR[1:0]$405
   128/517: $3$mem2reg_rd$\rf$tick_core.sv:341$54_DATA[7:0]$404
   129/517: $3$mem2reg_rd$\rf$tick_core.sv:341$54_ADDR[1:0]$403
   130/517: $3$mem2reg_wr$\rxfifo$tick_core.sv:341$53_DATA[9:0]$402
   131/517: $3$mem2reg_wr$\rxfifo$tick_core.sv:341$53_ADDR[2:0]$401
   132/517: $3$mem2reg_rd$\txfifo$tick_core.sv:333$52_DATA[9:0]$400
   133/517: $3$mem2reg_rd$\txfifo$tick_core.sv:333$52_ADDR[2:0]$399
   134/517: $3$mem2reg_rd$\txfifo$tick_core.sv:332$51_DATA[9:0]$398
   135/517: $3$mem2reg_rd$\txfifo$tick_core.sv:332$51_ADDR[2:0]$397
   136/517: $3$mem2reg_wr$\rf$tick_core.sv:331$50_DATA[7:0]$396
   137/517: $3$mem2reg_wr$\rf$tick_core.sv:331$50_ADDR[1:0]$395
   138/517: $3$mem2reg_rd$\txfifo$tick_core.sv:330$49_DATA[9:0]$394
   139/517: $3$mem2reg_rd$\txfifo$tick_core.sv:330$49_ADDR[2:0]$393
   140/517: $3$mem2reg_wr$\rf$tick_core.sv:319$48_DATA[7:0]$392
   141/517: $3$mem2reg_wr$\rf$tick_core.sv:319$48_ADDR[1:0]$391
   142/517: $3$mem2reg_rd$\rf$tick_core.sv:310$47_DATA[7:0]$390
   143/517: $3$mem2reg_rd$\rf$tick_core.sv:310$47_ADDR[1:0]$389
   144/517: $3$mem2reg_rd$\rf$tick_core.sv:304$46_DATA[7:0]$388
   145/517: $3$mem2reg_rd$\rf$tick_core.sv:304$46_ADDR[1:0]$387
   146/517: $3$mem2reg_wr$\rf$tick_core.sv:287$45_DATA[7:0]$386
   147/517: $3$mem2reg_wr$\rf$tick_core.sv:287$45_ADDR[1:0]$385
   148/517: $3$mem2reg_rd$\rf$tick_core.sv:286$44_DATA[7:0]$384
   149/517: $3$mem2reg_rd$\rf$tick_core.sv:286$44_ADDR[1:0]$383
   150/517: $3$mem2reg_rd$\rf$tick_core.sv:285$43_DATA[7:0]$382
   151/517: $3$mem2reg_rd$\rf$tick_core.sv:285$43_ADDR[1:0]$381
   152/517: $3$mem2reg_wr$\rf$tick_core.sv:280$42_DATA[7:0]$380
   153/517: $3$mem2reg_wr$\rf$tick_core.sv:280$42_ADDR[1:0]$379
   154/517: $3$mem2reg_rd$\rf$tick_core.sv:279$41_DATA[7:0]$378
   155/517: $3$mem2reg_rd$\rf$tick_core.sv:279$41_ADDR[1:0]$377
   156/517: $3$mem2reg_rd$\rf$tick_core.sv:279$40_DATA[7:0]$376
   157/517: $3$mem2reg_rd$\rf$tick_core.sv:279$40_ADDR[1:0]$375
   158/517: $3$mem2reg_rd$\rf$tick_core.sv:276$39_DATA[7:0]$374
   159/517: $3$mem2reg_rd$\rf$tick_core.sv:276$39_ADDR[1:0]$373
   160/517: $3$mem2reg_rd$\rf$tick_core.sv:275$38_DATA[7:0]$372
   161/517: $3$mem2reg_rd$\rf$tick_core.sv:275$38_ADDR[1:0]$371
   162/517: $3$mem2reg_wr$\rf$tick_core.sv:275$37_DATA[7:0]$370
   163/517: $3$mem2reg_wr$\rf$tick_core.sv:275$37_ADDR[1:0]$369
   164/517: $3$mem2reg_wr$\rf$tick_core.sv:268$36_DATA[7:0]$368
   165/517: $3$mem2reg_wr$\rf$tick_core.sv:268$36_ADDR[1:0]$367
   166/517: $3\main.stalled[0:0]
   167/517: $3\main.next_pc[5:0]
   168/517: $3\main.issued[0:0]
   169/517: $8\main.take[0:0]
   170/517: $3\main.sum[8:0]
   171/517: $5\main.tmp[7:0]
   172/517: $7\main.take[0:0]
   173/517: $6\main.take[0:0]
   174/517: $5$mem2reg_wr$\rf$tick_core.sv:196$35_ADDR[1:0]$351
   175/517: $5$mem2reg_wr$\rf$tick_core.sv:196$35_DATA[7:0]$352
   176/517: $5\main.take[0:0]
   177/517: $5$mem2reg_rd$\txfifo$tick_core.sv:190$34_DATA[9:0]$347
   178/517: $5$mem2reg_rd$\txfifo$tick_core.sv:189$33_DATA[9:0]$346
   179/517: $5$mem2reg_rd$\txfifo$tick_core.sv:187$31_DATA[9:0]$345
   180/517: $4$mem2reg_rd$\txfifo$tick_core.sv:190$34_DATA[9:0]$342
   181/517: $4$mem2reg_rd$\txfifo$tick_core.sv:190$34_ADDR[2:0]$341
   182/517: $4$mem2reg_rd$\txfifo$tick_core.sv:189$33_DATA[9:0]$340
   183/517: $4$mem2reg_rd$\txfifo$tick_core.sv:189$33_ADDR[2:0]$339
   184/517: $4$mem2reg_wr$\rf$tick_core.sv:188$32_ADDR[1:0]$337
   185/517: $4$mem2reg_wr$\rf$tick_core.sv:188$32_DATA[7:0]$338
   186/517: $4\main.tmp[7:0]
   187/517: $4$mem2reg_rd$\txfifo$tick_core.sv:187$31_DATA[9:0]$336
   188/517: $4$mem2reg_rd$\txfifo$tick_core.sv:187$31_ADDR[2:0]$335
   189/517: $4$mem2reg_wr$\rf$tick_core.sv:196$35_DATA[7:0]$344
   190/517: $4$mem2reg_wr$\rf$tick_core.sv:196$35_ADDR[1:0]$343
   191/517: $4\main.take[0:0]
   192/517: $3$mem2reg_wr$\rf$tick_core.sv:196$35_DATA[7:0]$332
   193/517: $3$mem2reg_wr$\rf$tick_core.sv:196$35_ADDR[1:0]$331
   194/517: $3$mem2reg_rd$\txfifo$tick_core.sv:190$34_DATA[9:0]$330
   195/517: $3$mem2reg_rd$\txfifo$tick_core.sv:190$34_ADDR[2:0]$329
   196/517: $3$mem2reg_rd$\txfifo$tick_core.sv:189$33_DATA[9:0]$328
   197/517: $3$mem2reg_rd$\txfifo$tick_core.sv:189$33_ADDR[2:0]$327
   198/517: $3$mem2reg_wr$\rf$tick_core.sv:188$32_DATA[7:0]$326
   199/517: $3$mem2reg_wr$\rf$tick_core.sv:188$32_ADDR[1:0]$325
   200/517: $3$mem2reg_rd$\txfifo$tick_core.sv:187$31_DATA[9:0]$324
   201/517: $3$mem2reg_rd$\txfifo$tick_core.sv:187$31_ADDR[2:0]$323
   202/517: $3\main.take[0:0]
   203/517: $3\main.tmp[7:0]
   204/517: $9$lookahead\result$67[15:0]$314
   205/517: $9$bitselwrite$pos$tick_core.sv:173$26[3:0]$313
   206/517: $8$lookahead\result$67[15:0]$312
   207/517: $8$bitselwrite$pos$tick_core.sv:173$26[3:0]$311
   208/517: $9$lookahead\a_res$66[15:0]$308
   209/517: $7$lookahead\result$67[15:0]$309
   210/517: $7$bitselwrite$pos$tick_core.sv:173$26[3:0]$307
   211/517: $8$lookahead\a_res$66[15:0]$298
   212/517: $8$bitselwrite$pos$tick_core.sv:166$25[3:0]$297
   213/517: $7$lookahead\a_res$66[15:0]$296
   214/517: $7$bitselwrite$pos$tick_core.sv:166$25[3:0]$295
   215/517: $6$lookahead\result$67[15:0]$283
   216/517: $6$lookahead\a_res$66[15:0]$282
   217/517: $6$bitselwrite$pos$tick_core.sv:173$26[3:0]$281
   218/517: $6$bitselwrite$pos$tick_core.sv:166$25[3:0]$280
   219/517: $6\main.outb[0:0]
   220/517: $6\main.sh[3:0]
   221/517: $6\main.rem[3:0]
   222/517: $5$lookahead\a_res$66[15:0]$277
   223/517: $5$lookahead\result$67[15:0]$278
   224/517: $5$bitselwrite$pos$tick_core.sv:173$26[3:0]$276
   225/517: $5$bitselwrite$pos$tick_core.sv:166$25[3:0]$275
   226/517: $5\main.outb[0:0]
   227/517: $5\main.sh[3:0]
   228/517: $5\main.rem[3:0]
   229/517: $4$lookahead\result$67[15:0]$273
   230/517: $4$lookahead\a_res$66[15:0]$272
   231/517: $4$bitselwrite$pos$tick_core.sv:173$26[3:0]$271
   232/517: $4$bitselwrite$pos$tick_core.sv:166$25[3:0]$270
   233/517: $4\main.outb[0:0]
   234/517: $4\main.sh[3:0]
   235/517: $4\main.rem[3:0]
   236/517: $3$lookahead\result$67[15:0]$268
   237/517: $3$lookahead\a_res$66[15:0]$267
   238/517: $3$bitselwrite$pos$tick_core.sv:173$26[3:0]$266
   239/517: $3$bitselwrite$pos$tick_core.sv:166$25[3:0]$265
   240/517: $3\main.outb[0:0]
   241/517: $3\main.sh[3:0]
   242/517: $3\main.rem[3:0]
   243/517: $6\main.do_tick[0:0]
   244/517: $5\main.do_tick[0:0]
   245/517: $4\main.do_tick[0:0]
   246/517: $3\main.do_tick[0:0]
   247/517: $2$lookahead\a_res$66[15:0]$253
   248/517: $2$mem2reg_wr$\rf$tick_core.sv:352$55_DATA[7:0]$252
   249/517: $2$mem2reg_wr$\rf$tick_core.sv:352$55_ADDR[1:0]$251
   250/517: $2$mem2reg_rd$\rf$tick_core.sv:341$54_DATA[7:0]$250
   251/517: $2$mem2reg_rd$\rf$tick_core.sv:341$54_ADDR[1:0]$249
   252/517: $2$mem2reg_wr$\rxfifo$tick_core.sv:341$53_DATA[9:0]$248
   253/517: $2$mem2reg_wr$\rxfifo$tick_core.sv:341$53_ADDR[2:0]$247
   254/517: $2$mem2reg_rd$\txfifo$tick_core.sv:333$52_DATA[9:0]$246
   255/517: $2$mem2reg_rd$\txfifo$tick_core.sv:333$52_ADDR[2:0]$245
   256/517: $2$mem2reg_rd$\txfifo$tick_core.sv:332$51_DATA[9:0]$244
   257/517: $2$mem2reg_rd$\txfifo$tick_core.sv:332$51_ADDR[2:0]$243
   258/517: $2$mem2reg_wr$\rf$tick_core.sv:331$50_DATA[7:0]$242
   259/517: $2$mem2reg_wr$\rf$tick_core.sv:331$50_ADDR[1:0]$241
   260/517: $2$mem2reg_rd$\txfifo$tick_core.sv:330$49_DATA[9:0]$240
   261/517: $2$mem2reg_rd$\txfifo$tick_core.sv:330$49_ADDR[2:0]$239
   262/517: $2$mem2reg_wr$\rf$tick_core.sv:319$48_DATA[7:0]$238
   263/517: $2$mem2reg_wr$\rf$tick_core.sv:319$48_ADDR[1:0]$237
   264/517: $2$mem2reg_rd$\rf$tick_core.sv:310$47_DATA[7:0]$236
   265/517: $2$mem2reg_rd$\rf$tick_core.sv:310$47_ADDR[1:0]$235
   266/517: $2$mem2reg_rd$\rf$tick_core.sv:304$46_DATA[7:0]$234
   267/517: $2$mem2reg_rd$\rf$tick_core.sv:304$46_ADDR[1:0]$233
   268/517: $2$mem2reg_wr$\rf$tick_core.sv:287$45_DATA[7:0]$232
   269/517: $2$mem2reg_wr$\rf$tick_core.sv:287$45_ADDR[1:0]$231
   270/517: $2$mem2reg_rd$\rf$tick_core.sv:286$44_DATA[7:0]$230
   271/517: $2$mem2reg_rd$\rf$tick_core.sv:286$44_ADDR[1:0]$229
   272/517: $2$mem2reg_rd$\rf$tick_core.sv:285$43_DATA[7:0]$228
   273/517: $2$mem2reg_rd$\rf$tick_core.sv:285$43_ADDR[1:0]$227
   274/517: $2$mem2reg_wr$\rf$tick_core.sv:280$42_DATA[7:0]$226
   275/517: $2$mem2reg_wr$\rf$tick_core.sv:280$42_ADDR[1:0]$225
   276/517: $2$mem2reg_rd$\rf$tick_core.sv:279$41_DATA[7:0]$224
   277/517: $2$mem2reg_rd$\rf$tick_core.sv:279$41_ADDR[1:0]$223
   278/517: $2$mem2reg_rd$\rf$tick_core.sv:279$40_DATA[7:0]$222
   279/517: $2$mem2reg_rd$\rf$tick_core.sv:279$40_ADDR[1:0]$221
   280/517: $2$mem2reg_rd$\rf$tick_core.sv:276$39_DATA[7:0]$220
   281/517: $2$mem2reg_rd$\rf$tick_core.sv:276$39_ADDR[1:0]$219
   282/517: $2$mem2reg_rd$\rf$tick_core.sv:275$38_DATA[7:0]$218
   283/517: $2$mem2reg_rd$\rf$tick_core.sv:275$38_ADDR[1:0]$217
   284/517: $2$mem2reg_wr$\rf$tick_core.sv:275$37_DATA[7:0]$216
   285/517: $2$mem2reg_wr$\rf$tick_core.sv:275$37_ADDR[1:0]$215
   286/517: $2$mem2reg_wr$\rf$tick_core.sv:268$36_DATA[7:0]$214
   287/517: $2$mem2reg_wr$\rf$tick_core.sv:268$36_ADDR[1:0]$213
   288/517: $2\main.stalled[0:0]
   289/517: $2\main.next_pc[5:0]
   290/517: $2\main.issued[0:0]
   291/517: $2\main.take[0:0]
   292/517: $2\main.sum[8:0]
   293/517: $2\main.tmp[7:0]
   294/517: $2$mem2reg_wr$\rf$tick_core.sv:196$35_DATA[7:0]$212
   295/517: $2$mem2reg_wr$\rf$tick_core.sv:196$35_ADDR[1:0]$211
   296/517: $2$mem2reg_rd$\txfifo$tick_core.sv:190$34_DATA[9:0]$210
   297/517: $2$mem2reg_rd$\txfifo$tick_core.sv:190$34_ADDR[2:0]$209
   298/517: $2$mem2reg_rd$\txfifo$tick_core.sv:189$33_DATA[9:0]$208
   299/517: $2$mem2reg_rd$\txfifo$tick_core.sv:189$33_ADDR[2:0]$207
   300/517: $2$mem2reg_wr$\rf$tick_core.sv:188$32_DATA[7:0]$206
   301/517: $2$mem2reg_wr$\rf$tick_core.sv:188$32_ADDR[1:0]$205
   302/517: $2$mem2reg_rd$\txfifo$tick_core.sv:187$31_DATA[9:0]$204
   303/517: $2$mem2reg_rd$\txfifo$tick_core.sv:187$31_ADDR[2:0]$203
   304/517: $2$lookahead\result$67[15:0]$254
   305/517: $2$bitselwrite$pos$tick_core.sv:173$26[3:0]$202
   306/517: $2$bitselwrite$pos$tick_core.sv:166$25[3:0]$201
   307/517: $2\main.outb[0:0]
   308/517: $2\main.sh[3:0]
   309/517: $2\main.rem[3:0]
   310/517: $2\a_kind_before[1:0]
   311/517: $2\main.had_timed[0:0]
   312/517: $2\main.do_tick[0:0]
   313/517: $2$mem2reg_rd$\rxfifo$tick_core.sv:123$30_DATA[9:0]$200
   314/517: $2$mem2reg_wr$\txfifo$tick_core.sv:119$29_ADDR[2:0]$194
   315/517: $2$mem2reg_wr$\txfifo$tick_core.sv:119$29_DATA[9:0]$195
   316/517: $2$mem2reg_wr$\imem$tick_core.sv:117$28_ADDR[5:0]$190
   317/517: $2$mem2reg_wr$\imem$tick_core.sv:117$28_DATA[15:0]$191
   318/517: $1$lookahead\result$67[15:0]$189
   319/517: $1$lookahead\a_res$66[15:0]$188
   320/517: $1$mem2reg_wr$\rf$tick_core.sv:352$55_DATA[7:0]$187
   321/517: $1$mem2reg_wr$\rf$tick_core.sv:352$55_ADDR[1:0]$186
   322/517: $1$mem2reg_rd$\rf$tick_core.sv:341$54_DATA[7:0]$185
   323/517: $1$mem2reg_rd$\rf$tick_core.sv:341$54_ADDR[1:0]$184
   324/517: $1$mem2reg_wr$\rxfifo$tick_core.sv:341$53_DATA[9:0]$183
   325/517: $1$mem2reg_wr$\rxfifo$tick_core.sv:341$53_ADDR[2:0]$182
   326/517: $1$mem2reg_rd$\txfifo$tick_core.sv:333$52_DATA[9:0]$181
   327/517: $1$mem2reg_rd$\txfifo$tick_core.sv:333$52_ADDR[2:0]$180
   328/517: $1$mem2reg_rd$\txfifo$tick_core.sv:332$51_DATA[9:0]$179
   329/517: $1$mem2reg_rd$\txfifo$tick_core.sv:332$51_ADDR[2:0]$178
   330/517: $1$mem2reg_wr$\rf$tick_core.sv:331$50_DATA[7:0]$177
   331/517: $1$mem2reg_wr$\rf$tick_core.sv:331$50_ADDR[1:0]$176
   332/517: $1$mem2reg_rd$\txfifo$tick_core.sv:330$49_DATA[9:0]$175
   333/517: $1$mem2reg_rd$\txfifo$tick_core.sv:330$49_ADDR[2:0]$174
   334/517: $1$mem2reg_wr$\rf$tick_core.sv:319$48_DATA[7:0]$173
   335/517: $1$mem2reg_wr$\rf$tick_core.sv:319$48_ADDR[1:0]$172
   336/517: $1$mem2reg_rd$\rf$tick_core.sv:310$47_DATA[7:0]$171
   337/517: $1$mem2reg_rd$\rf$tick_core.sv:310$47_ADDR[1:0]$170
   338/517: $1$mem2reg_rd$\rf$tick_core.sv:304$46_DATA[7:0]$169
   339/517: $1$mem2reg_rd$\rf$tick_core.sv:304$46_ADDR[1:0]$168
   340/517: $1$mem2reg_wr$\rf$tick_core.sv:287$45_DATA[7:0]$167
   341/517: $1$mem2reg_wr$\rf$tick_core.sv:287$45_ADDR[1:0]$166
   342/517: $1$mem2reg_rd$\rf$tick_core.sv:286$44_DATA[7:0]$165
   343/517: $1$mem2reg_rd$\rf$tick_core.sv:286$44_ADDR[1:0]$164
   344/517: $1$mem2reg_rd$\rf$tick_core.sv:285$43_DATA[7:0]$163
   345/517: $1$mem2reg_rd$\rf$tick_core.sv:285$43_ADDR[1:0]$162
   346/517: $1$mem2reg_wr$\rf$tick_core.sv:280$42_DATA[7:0]$161
   347/517: $1$mem2reg_wr$\rf$tick_core.sv:280$42_ADDR[1:0]$160
   348/517: $1$mem2reg_rd$\rf$tick_core.sv:279$41_DATA[7:0]$159
   349/517: $1$mem2reg_rd$\rf$tick_core.sv:279$41_ADDR[1:0]$158
   350/517: $1$mem2reg_rd$\rf$tick_core.sv:279$40_DATA[7:0]$157
   351/517: $1$mem2reg_rd$\rf$tick_core.sv:279$40_ADDR[1:0]$156
   352/517: $1$mem2reg_rd$\rf$tick_core.sv:276$39_DATA[7:0]$155
   353/517: $1$mem2reg_rd$\rf$tick_core.sv:276$39_ADDR[1:0]$154
   354/517: $1$mem2reg_rd$\rf$tick_core.sv:275$38_DATA[7:0]$153
   355/517: $1$mem2reg_rd$\rf$tick_core.sv:275$38_ADDR[1:0]$152
   356/517: $1$mem2reg_wr$\rf$tick_core.sv:275$37_DATA[7:0]$151
   357/517: $1$mem2reg_wr$\rf$tick_core.sv:275$37_ADDR[1:0]$150
   358/517: $1$mem2reg_wr$\rf$tick_core.sv:268$36_DATA[7:0]$149
   359/517: $1$mem2reg_wr$\rf$tick_core.sv:268$36_ADDR[1:0]$148
   360/517: $1$mem2reg_wr$\rf$tick_core.sv:196$35_DATA[7:0]$147
   361/517: $1$mem2reg_wr$\rf$tick_core.sv:196$35_ADDR[1:0]$146
   362/517: $1$mem2reg_rd$\txfifo$tick_core.sv:190$34_DATA[9:0]$145
   363/517: $1$mem2reg_rd$\txfifo$tick_core.sv:190$34_ADDR[2:0]$144
   364/517: $1$mem2reg_rd$\txfifo$tick_core.sv:189$33_DATA[9:0]$143
   365/517: $1$mem2reg_rd$\txfifo$tick_core.sv:189$33_ADDR[2:0]$142
   366/517: $1$mem2reg_wr$\rf$tick_core.sv:188$32_DATA[7:0]$141
   367/517: $1$mem2reg_wr$\rf$tick_core.sv:188$32_ADDR[1:0]$140
   368/517: $1$mem2reg_rd$\txfifo$tick_core.sv:187$31_DATA[9:0]$139
   369/517: $1$mem2reg_rd$\txfifo$tick_core.sv:187$31_ADDR[2:0]$138
   370/517: $1$bitselwrite$pos$tick_core.sv:173$26[3:0]$131
   371/517: $1$bitselwrite$pos$tick_core.sv:166$25[3:0]$130
   372/517: $1\main.had_timed[0:0]
   373/517: $1\main.stalled[0:0]
   374/517: $1\main.next_pc[5:0]
   375/517: $1\main.issued[0:0]
   376/517: $1\main.take[0:0]
   377/517: $1\main.sum[8:0]
   378/517: $1\main.tmp[7:0]
   379/517: $1\main.outb[0:0]
   380/517: $1\main.sh[3:0]
   381/517: $1\main.rem[3:0]
   382/517: $1\main.do_tick[0:0]
   383/517: $1\a_kind_before[1:0]
   384/517: $0\host_rdata[9:0]
   385/517: $1$mem2reg_rd$\rxfifo$tick_core.sv:123$30_DATA[9:0]$137
   386/517: $1$mem2reg_rd$\rxfifo$tick_core.sv:123$30_ADDR[2:0]$136
   387/517: $1$mem2reg_wr$\txfifo$tick_core.sv:119$29_DATA[9:0]$135
   388/517: $1$mem2reg_wr$\txfifo$tick_core.sv:119$29_ADDR[2:0]$134
   389/517: $1$mem2reg_wr$\imem$tick_core.sv:117$28_DATA[15:0]$133
   390/517: $1$mem2reg_wr$\imem$tick_core.sv:117$28_ADDR[5:0]$132
   391/517: $0\tick[0:0]
   392/517: $1\ii[31:0]
   393/517: $0\rxfifo[7][9:0]
   394/517: $0\rxfifo[6][9:0]
   395/517: $0\rxfifo[5][9:0]
   396/517: $0\rxfifo[4][9:0]
   397/517: $0\rxfifo[3][9:0]
   398/517: $0\rxfifo[2][9:0]
   399/517: $0\rxfifo[1][9:0]
   400/517: $0\rxfifo[0][9:0]
   401/517: $0\txfifo[7][9:0]
   402/517: $0\txfifo[6][9:0]
   403/517: $0\txfifo[5][9:0]
   404/517: $0\txfifo[4][9:0]
   405/517: $0\txfifo[3][9:0]
   406/517: $0\txfifo[2][9:0]
   407/517: $0\txfifo[1][9:0]
   408/517: $0\txfifo[0][9:0]
   409/517: $0\rf[3][7:0]
   410/517: $0\rf[2][7:0]
   411/517: $0\rf[1][7:0]
   412/517: $0\rf[0][7:0]
   413/517: $0\imem[63][15:0]
   414/517: $0\imem[62][15:0]
   415/517: $0\imem[61][15:0]
   416/517: $0\imem[60][15:0]
   417/517: $0\imem[59][15:0]
   418/517: $0\imem[58][15:0]
   419/517: $0\imem[57][15:0]
   420/517: $0\imem[56][15:0]
   421/517: $0\imem[55][15:0]
   422/517: $0\imem[54][15:0]
   423/517: $0\imem[53][15:0]
   424/517: $0\imem[52][15:0]
   425/517: $0\imem[51][15:0]
   426/517: $0\imem[50][15:0]
   427/517: $0\imem[49][15:0]
   428/517: $0\imem[48][15:0]
   429/517: $0\imem[47][15:0]
   430/517: $0\imem[46][15:0]
   431/517: $0\imem[45][15:0]
   432/517: $0\imem[44][15:0]
   433/517: $0\imem[43][15:0]
   434/517: $0\imem[42][15:0]
   435/517: $0\imem[41][15:0]
   436/517: $0\imem[40][15:0]
   437/517: $0\imem[39][15:0]
   438/517: $0\imem[38][15:0]
   439/517: $0\imem[37][15:0]
   440/517: $0\imem[36][15:0]
   441/517: $0\imem[35][15:0]
   442/517: $0\imem[34][15:0]
   443/517: $0\imem[33][15:0]
   444/517: $0\imem[32][15:0]
   445/517: $0\imem[31][15:0]
   446/517: $0\imem[30][15:0]
   447/517: $0\imem[29][15:0]
   448/517: $0\imem[28][15:0]
   449/517: $0\imem[27][15:0]
   450/517: $0\imem[26][15:0]
   451/517: $0\imem[25][15:0]
   452/517: $0\imem[24][15:0]
   453/517: $0\imem[23][15:0]
   454/517: $0\imem[22][15:0]
   455/517: $0\imem[21][15:0]
   456/517: $0\imem[20][15:0]
   457/517: $0\imem[19][15:0]
   458/517: $0\imem[18][15:0]
   459/517: $0\imem[17][15:0]
   460/517: $0\imem[16][15:0]
   461/517: $0\imem[15][15:0]
   462/517: $0\imem[14][15:0]
   463/517: $0\imem[13][15:0]
   464/517: $0\imem[12][15:0]
   465/517: $0\imem[11][15:0]
   466/517: $0\imem[10][15:0]
   467/517: $0\imem[9][15:0]
   468/517: $0\imem[8][15:0]
   469/517: $0\imem[7][15:0]
   470/517: $0\imem[6][15:0]
   471/517: $0\imem[5][15:0]
   472/517: $0\imem[4][15:0]
   473/517: $0\imem[3][15:0]
   474/517: $0\imem[2][15:0]
   475/517: $0\imem[1][15:0]
   476/517: $0\imem[0][15:0]
   477/517: $0\res_valid[0:0]
   478/517: $0\p_msb[0:0]
   479/517: $0\a_msb[0:0]
   480/517: $0\a_done[3:0]
   481/517: $0\p_data[7:0]
   482/517: $0\a_data[7:0]
   483/517: $0\p_nm1[3:0]
   484/517: $0\a_nm1[3:0]
   485/517: $0\p_mode[1:0]
   486/517: $0\a_mode[1:0]
   487/517: $0\p_val[3:0]
   488/517: $0\a_val[3:0]
   489/517: $0\p_mask[3:0]
   490/517: $0\a_mask[3:0]
   491/517: $0\p_oe[0:0]
   492/517: $0\a_oe[0:0]
   493/517: $0\p_kind[1:0]
   494/517: $0\a_kind[1:0]
   495/517: $0\time_cnt[15:0]
   496/517: $0\phase_left[15:0]
   497/517: $0\accum[19:0]
   498/517: $0\timer_run[0:0]
   499/517: $0\mfs_rd[1:0]
   500/517: $0\mfs_block[0:0]
   501/517: $0\pull_rd[1:0]
   502/517: $0\pull_block[0:0]
   503/517: $0\wait_tc[1:0]
   504/517: $0\wait_mask[4:0]
   505/517: $0\waiting[0:0]
   506/517: $0\miss[0:0]
   507/517: $0\cmd_f[0:0]
   508/517: $0\last_f[0:0]
   509/517: $0\pc[5:0]
   510/517: $0\rx_r[2:0]
   511/517: $0\rx_w[2:0]
   512/517: $0\tx_r[2:0]
   513/517: $0\tx_w[2:0]
   514/517: $0\pin0_oe[0:0]
   515/517: $0\pin0_out[0:0]
   516/517: $0\z[0:0]
   517/517: $0\c[0:0]
Creating decoders for process `\tick_formal_top.$proc$tick_formal_top.sv:58$24'.
Creating decoders for process `\tick_formal_top.$proc$tick_formal_top.sv:55$21'.
Creating decoders for process `\tick_formal_top.$proc$tick_formal_top.sv:74$11'.
     1/3: $assert$tick_formal_top.sv:78$18_EN
     2/3: $assert$tick_formal_top.sv:77$16_EN
     3/3: $assert$tick_formal_top.sv:76$14_EN
Creating decoders for process `\tick_formal_top.$proc$tick_formal_top.sv:66$6'.
     1/1: $assert$tick_formal_top.sv:69$9_EN
Creating decoders for process `\tick_formal_top.$proc$tick_formal_top.sv:59$4'.
     1/1: $0\saw_reset[0:0]

3.3.8. Executing PROC_DLATCH pass (convert process syncs to latches).
No latch inferred for signal `\tick_core.$mem2reg_rd$\imem$tick_core.sv:86$27_DATA' from process `\tick_core.$proc$tick_core.sv:86$531'.

3.3.9. Executing PROC_DFF pass (convert process syncs to FFs).
Creating register for signal `\tick_core.\c' using process `\tick_core.$proc$tick_core.sv:91$68'.
  created $adff cell `$procdff$7828' with positive edge clock and positive level reset.
Creating register for signal `\tick_core.\z' using process `\tick_core.$proc$tick_core.sv:91$68'.
  created $adff cell `$procdff$7833' with positive edge clock and positive level reset.
Creating register for signal `\tick_core.\host_rdata' using process `\tick_core.$proc$tick_core.sv:91$68'.
  created $adff cell `$procdff$7838' with positive edge clock and positive level reset.
Creating register for signal `\tick_core.\pin0_out' using process `\tick_core.$proc$tick_core.sv:91$68'.
  created $adff cell `$procdff$7843' with positive edge clock and positive level reset.
Creating register for signal `\tick_core.\pin0_oe' using process `\tick_core.$proc$tick_core.sv:91$68'.
  created $adff cell `$procdff$7848' with positive edge clock and positive level reset.
Creating register for signal `\tick_core.\ii' using process `\tick_core.$proc$tick_core.sv:91$68'.
  created $adff cell `$procdff$7853' with positive edge clock and positive level reset.
Creating register for signal `\tick_core.\tx_w' using process `\tick_core.$proc$tick_core.sv:91$68'.
  created $adff cell `$procdff$7858' with positive edge clock and positive level reset.
Creating register for signal `\tick_core.\tx_r' using process `\tick_core.$proc$tick_core.sv:91$68'.
  created $adff cell `$procdff$7863' with positive edge clock and positive level reset.
Creating register for signal `\tick_core.\rx_w' using process `\tick_core.$proc$tick_core.sv:91$68'.
  created $adff cell `$procdff$7868' with positive edge clock and positive level reset.
Creating register for signal `\tick_core.\rx_r' using process `\tick_core.$proc$tick_core.sv:91$68'.
  created $adff cell `$procdff$7873' with positive edge clock and positive level reset.
Creating register for signal `\tick_core.\pc' using process `\tick_core.$proc$tick_core.sv:91$68'.
  created $adff cell `$procdff$7878' with positive edge clock and positive level reset.
Creating register for signal `\tick_core.\last_f' using process `\tick_core.$proc$tick_core.sv:91$68'.
  created $adff cell `$procdff$7883' with positive edge clock and positive level reset.
Creating register for signal `\tick_core.\cmd_f' using process `\tick_core.$proc$tick_core.sv:91$68'.
  created $adff cell `$procdff$7888' with positive edge clock and positive level reset.
Creating register for signal `\tick_core.\miss' using process `\tick_core.$proc$tick_core.sv:91$68'.
  created $adff cell `$procdff$7893' with positive edge clock and positive level reset.
Creating register for signal `\tick_core.\waiting' using process `\tick_core.$proc$tick_core.sv:91$68'.
  created $adff cell `$procdff$7898' with positive edge clock and positive level reset.
Creating register for signal `\tick_core.\wait_mask' using process `\tick_core.$proc$tick_core.sv:91$68'.
  created $adff cell `$procdff$7903' with positive edge clock and positive level reset.
Creating register for signal `\tick_core.\wait_tc' using process `\tick_core.$proc$tick_core.sv:91$68'.
  created $adff cell `$procdff$7908' with positive edge clock and positive level reset.
Creating register for signal `\tick_core.\pull_block' using process `\tick_core.$proc$tick_core.sv:91$68'.
  created $adff cell `$procdff$7913' with positive edge clock and positive level reset.
Creating register for signal `\tick_core.\pull_rd' using process `\tick_core.$proc$tick_core.sv:91$68'.
  created $dff cell `$procdff$7920' with positive edge clock.
Creating register for signal `\tick_core.\mfs_block' using process `\tick_core.$proc$tick_core.sv:91$68'.
  created $adff cell `$procdff$7925' with positive edge clock and positive level reset.
Creating register for signal `\tick_core.\mfs_rd' using process `\tick_core.$proc$tick_core.sv:91$68'.
  created $dff cell `$procdff$7932' with positive edge clock.
Creating register for signal `\tick_core.\timer_run' using process `\tick_core.$proc$tick_core.sv:91$68'.
  created $adff cell `$procdff$7937' with positive edge clock and positive level reset.
Creating register for signal `\tick_core.\accum' using process `\tick_core.$proc$tick_core.sv:91$68'.
  created $adff cell `$procdff$7942' with positive edge clock and positive level reset.
Creating register for signal `\tick_core.\phase_left' using process `\tick_core.$proc$tick_core.sv:91$68'.
  created $adff cell `$procdff$7947' with positive edge clock and positive level reset.
Creating register for signal `\tick_core.\time_cnt' using process `\tick_core.$proc$tick_core.sv:91$68'.
  created $adff cell `$procdff$7952' with positive edge clock and positive level reset.
Creating register for signal `\tick_core.\tick' using process `\tick_core.$proc$tick_core.sv:91$68'.
  created $adff cell `$procdff$7957' with positive edge clock and positive level reset.
Creating register for signal `\tick_core.\a_kind' using process `\tick_core.$proc$tick_core.sv:91$68'.
  created $adff cell `$procdff$7962' with positive edge clock and positive level reset.
Creating register for signal `\tick_core.\p_kind' using process `\tick_core.$proc$tick_core.sv:91$68'.
  created $adff cell `$procdff$7967' with positive edge clock and positive level reset.
Creating register for signal `\tick_core.\a_oe' using process `\tick_core.$proc$tick_core.sv:91$68'.
  created $dff cell `$procdff$7974' with positive edge clock.
Creating register for signal `\tick_core.\p_oe' using process `\tick_core.$proc$tick_core.sv:91$68'.
  created $dff cell `$procdff$7981' with positive edge clock.
Creating register for signal `\tick_core.\a_mask' using process `\tick_core.$proc$tick_core.sv:91$68'.
  created $dff cell `$procdff$7988' with positive edge clock.
Creating register for signal `\tick_core.\p_mask' using process `\tick_core.$proc$tick_core.sv:91$68'.
  created $dff cell `$procdff$7995' with positive edge clock.
Creating register for signal `\tick_core.\a_val' using process `\tick_core.$proc$tick_core.sv:91$68'.
  created $dff cell `$procdff$8002' with positive edge clock.
Creating register for signal `\tick_core.\p_val' using process `\tick_core.$proc$tick_core.sv:91$68'.
  created $dff cell `$procdff$8009' with positive edge clock.
Creating register for signal `\tick_core.\a_mode' using process `\tick_core.$proc$tick_core.sv:91$68'.
  created $dff cell `$procdff$8016' with positive edge clock.
Creating register for signal `\tick_core.\p_mode' using process `\tick_core.$proc$tick_core.sv:91$68'.
  created $dff cell `$procdff$8023' with positive edge clock.
Creating register for signal `\tick_core.\a_nm1' using process `\tick_core.$proc$tick_core.sv:91$68'.
  created $dff cell `$procdff$8030' with positive edge clock.
Creating register for signal `\tick_core.\p_nm1' using process `\tick_core.$proc$tick_core.sv:91$68'.
  created $dff cell `$procdff$8037' with positive edge clock.
Creating register for signal `\tick_core.\a_data' using process `\tick_core.$proc$tick_core.sv:91$68'.
  created $dff cell `$procdff$8044' with positive edge clock.
Creating register for signal `\tick_core.\p_data' using process `\tick_core.$proc$tick_core.sv:91$68'.
  created $dff cell `$procdff$8051' with positive edge clock.
Creating register for signal `\tick_core.\a_done' using process `\tick_core.$proc$tick_core.sv:91$68'.
  created $dff cell `$procdff$8058' with positive edge clock.
Creating register for signal `\tick_core.\a_res' using process `\tick_core.$proc$tick_core.sv:91$68'.
  created $dff cell `$procdff$8065' with positive edge clock.
Creating register for signal `\tick_core.\a_msb' using process `\tick_core.$proc$tick_core.sv:91$68'.
  created $dff cell `$procdff$8072' with positive edge clock.
Creating register for signal `\tick_core.\p_msb' using process `\tick_core.$proc$tick_core.sv:91$68'.
  created $dff cell `$procdff$8079' with positive edge clock.
Creating register for signal `\tick_core.\res_valid' using process `\tick_core.$proc$tick_core.sv:91$68'.
  created $adff cell `$procdff$8084' with positive edge clock and positive level reset.
Creating register for signal `\tick_core.\result' using process `\tick_core.$proc$tick_core.sv:91$68'.
  created $adff cell `$procdff$8089' with positive edge clock and positive level reset.
Creating register for signal `\tick_core.\a_kind_before' using process `\tick_core.$proc$tick_core.sv:91$68'.
  created $dff cell `$procdff$8096' with positive edge clock.
Creating register for signal `\tick_core.\main.do_tick' using process `\tick_core.$proc$tick_core.sv:91$68'.
  created $dff cell `$procdff$8103' with positive edge clock.
Creating register for signal `\tick_core.\main.rem' using process `\tick_core.$proc$tick_core.sv:91$68'.
  created $dff cell `$procdff$8110' with positive edge clock.
Creating register for signal `\tick_core.\main.sh' using process `\tick_core.$proc$tick_core.sv:91$68'.
  created $dff cell `$procdff$8117' with positive edge clock.
Creating register for signal `\tick_core.\main.outb' using process `\tick_core.$proc$tick_core.sv:91$68'.
  created $dff cell `$procdff$8124' with positive edge clock.
Creating register for signal `\tick_core.\main.tmp' using process `\tick_core.$proc$tick_core.sv:91$68'.
  created $dff cell `$procdff$8131' with positive edge clock.
Creating register for signal `\tick_core.\main.sum' using process `\tick_core.$proc$tick_core.sv:91$68'.
  created $dff cell `$procdff$8138' with positive edge clock.
Creating register for signal `\tick_core.\main.take' using process `\tick_core.$proc$tick_core.sv:91$68'.
  created $dff cell `$procdff$8145' with positive edge clock.
Creating register for signal `\tick_core.\main.issued' using process `\tick_core.$proc$tick_core.sv:91$68'.
  created $dff cell `$procdff$8152' with positive edge clock.
Creating register for signal `\tick_core.\main.next_pc' using process `\tick_core.$proc$tick_core.sv:91$68'.
  created $dff cell `$procdff$8159' with positive edge clock.
Creating register for signal `\tick_core.\main.stalled' using process `\tick_core.$proc$tick_core.sv:91$68'.
  created $dff cell `$procdff$8166' with positive edge clock.
Creating register for signal `\tick_core.\main.had_timed' using process `\tick_core.$proc$tick_core.sv:91$68'.
  created $dff cell `$procdff$8173' with positive edge clock.
Creating register for signal `\tick_core.$bitselwrite$pos$tick_core.sv:166$25' using process `\tick_core.$proc$tick_core.sv:91$68'.
  created $adff cell `$procdff$8178' with positive edge clock and positive level reset.
Creating register for signal `\tick_core.$bitselwrite$pos$tick_core.sv:173$26' using process `\tick_core.$proc$tick_core.sv:91$68'.
  created $adff cell `$procdff$8183' with positive edge clock and positive level reset.
Creating register for signal `\tick_core.\imem[0]' using process `\tick_core.$proc$tick_core.sv:91$68'.
  created $adff cell `$procdff$8188' with positive edge clock and positive level reset.
Creating register for signal `\tick_core.\imem[1]' using process `\tick_core.$proc$tick_core.sv:91$68'.
  created $adff cell `$procdff$8193' with positive edge clock and positive level reset.
Creating register for signal `\tick_core.\imem[2]' using process `\tick_core.$proc$tick_core.sv:91$68'.
  created $adff cell `$procdff$8198' with positive edge clock and positive level reset.
Creating register for signal `\tick_core.\imem[3]' using process `\tick_core.$proc$tick_core.sv:91$68'.
  created $adff cell `$procdff$8203' with positive edge clock and positive level reset.
Creating register for signal `\tick_core.\imem[4]' using process `\tick_core.$proc$tick_core.sv:91$68'.
  created $adff cell `$procdff$8208' with positive edge clock and positive level reset.
Creating register for signal `\tick_core.\imem[5]' using process `\tick_core.$proc$tick_core.sv:91$68'.
  created $adff cell `$procdff$8213' with positive edge clock and positive level reset.
Creating register for signal `\tick_core.\imem[6]' using process `\tick_core.$proc$tick_core.sv:91$68'.
  created $adff cell `$procdff$8218' with positive edge clock and positive level reset.
Creating register for signal `\tick_core.\imem[7]' using process `\tick_core.$proc$tick_core.sv:91$68'.
  created $adff cell `$procdff$8223' with positive edge clock and positive level reset.
Creating register for signal `\tick_core.\imem[8]' using process `\tick_core.$proc$tick_core.sv:91$68'.
  created $adff cell `$procdff$8228' with positive edge clock and positive level reset.
Creating register for signal `\tick_core.\imem[9]' using process `\tick_core.$proc$tick_core.sv:91$68'.
  created $adff cell `$procdff$8233' with positive edge clock and positive level reset.
Creating register for signal `\tick_core.\imem[10]' using process `\tick_core.$proc$tick_core.sv:91$68'.
  created $adff cell `$procdff$8238' with positive edge clock and positive level reset.
Creating register for signal `\tick_core.\imem[11]' using process `\tick_core.$proc$tick_core.sv:91$68'.
  created $adff cell `$procdff$8243' with positive edge clock and positive level reset.
Creating register for signal `\tick_core.\imem[12]' using process `\tick_core.$proc$tick_core.sv:91$68'.
  created $adff cell `$procdff$8248' with positive edge clock and positive level reset.
Creating register for signal `\tick_core.\imem[13]' using process `\tick_core.$proc$tick_core.sv:91$68'.
  created $adff cell `$procdff$8253' with positive edge clock and positive level reset.
Creating register for signal `\tick_core.\imem[14]' using process `\tick_core.$proc$tick_core.sv:91$68'.
  created $adff cell `$procdff$8258' with positive edge clock and positive level reset.
Creating register for signal `\tick_core.\imem[15]' using process `\tick_core.$proc$tick_core.sv:91$68'.
  created $adff cell `$procdff$8263' with positive edge clock and positive level reset.
Creating register for signal `\tick_core.\imem[16]' using process `\tick_core.$proc$tick_core.sv:91$68'.
  created $adff cell `$procdff$8268' with positive edge clock and positive level reset.
Creating register for signal `\tick_core.\imem[17]' using process `\tick_core.$proc$tick_core.sv:91$68'.
  created $adff cell `$procdff$8273' with positive edge clock and positive level reset.
Creating register for signal `\tick_core.\imem[18]' using process `\tick_core.$proc$tick_core.sv:91$68'.
  created $adff cell `$procdff$8278' with positive edge clock and positive level reset.
Creating register for signal `\tick_core.\imem[19]' using process `\tick_core.$proc$tick_core.sv:91$68'.
  created $adff cell `$procdff$8283' with positive edge clock and positive level reset.
Creating register for signal `\tick_core.\imem[20]' using process `\tick_core.$proc$tick_core.sv:91$68'.
  created $adff cell `$procdff$8288' with positive edge clock and positive level reset.
Creating register for signal `\tick_core.\imem[21]' using process `\tick_core.$proc$tick_core.sv:91$68'.
  created $adff cell `$procdff$8293' with positive edge clock and positive level reset.
Creating register for signal `\tick_core.\imem[22]' using process `\tick_core.$proc$tick_core.sv:91$68'.
  created $adff cell `$procdff$8298' with positive edge clock and positive level reset.
Creating register for signal `\tick_core.\imem[23]' using process `\tick_core.$proc$tick_core.sv:91$68'.
  created $adff cell `$procdff$8303' with positive edge clock and positive level reset.
Creating register for signal `\tick_core.\imem[24]' using process `\tick_core.$proc$tick_core.sv:91$68'.
  created $adff cell `$procdff$8308' with positive edge clock and positive level reset.
Creating register for signal `\tick_core.\imem[25]' using process `\tick_core.$proc$tick_core.sv:91$68'.
  created $adff cell `$procdff$8313' with positive edge clock and positive level reset.
Creating register for signal `\tick_core.\imem[26]' using process `\tick_core.$proc$tick_core.sv:91$68'.
  created $adff cell `$procdff$8318' with positive edge clock and positive level reset.
Creating register for signal `\tick_core.\imem[27]' using process `\tick_core.$proc$tick_core.sv:91$68'.
  created $adff cell `$procdff$8323' with positive edge clock and positive level reset.
Creating register for signal `\tick_core.\imem[28]' using process `\tick_core.$proc$tick_core.sv:91$68'.
  created $adff cell `$procdff$8328' with positive edge clock and positive level reset.
Creating register for signal `\tick_core.\imem[29]' using process `\tick_core.$proc$tick_core.sv:91$68'.
  created $adff cell `$procdff$8333' with positive edge clock and positive level reset.
Creating register for signal `\tick_core.\imem[30]' using process `\tick_core.$proc$tick_core.sv:91$68'.
  created $adff cell `$procdff$8338' with positive edge clock and positive level reset.
Creating register for signal `\tick_core.\imem[31]' using process `\tick_core.$proc$tick_core.sv:91$68'.
  created $adff cell `$procdff$8343' with positive edge clock and positive level reset.
Creating register for signal `\tick_core.\imem[32]' using process `\tick_core.$proc$tick_core.sv:91$68'.
  created $adff cell `$procdff$8348' with positive edge clock and positive level reset.
Creating register for signal `\tick_core.\imem[33]' using process `\tick_core.$proc$tick_core.sv:91$68'.
  created $adff cell `$procdff$8353' with positive edge clock and positive level reset.
Creating register for signal `\tick_core.\imem[34]' using process `\tick_core.$proc$tick_core.sv:91$68'.
  created $adff cell `$procdff$8358' with positive edge clock and positive level reset.
Creating register for signal `\tick_core.\imem[35]' using process `\tick_core.$proc$tick_core.sv:91$68'.
  created $adff cell `$procdff$8363' with positive edge clock and positive level reset.
Creating register for signal `\tick_core.\imem[36]' using process `\tick_core.$proc$tick_core.sv:91$68'.
  created $adff cell `$procdff$8368' with positive edge clock and positive level reset.
Creating register for signal `\tick_core.\imem[37]' using process `\tick_core.$proc$tick_core.sv:91$68'.
  created $adff cell `$procdff$8373' with positive edge clock and positive level reset.
Creating register for signal `\tick_core.\imem[38]' using process `\tick_core.$proc$tick_core.sv:91$68'.
  created $adff cell `$procdff$8378' with positive edge clock and positive level reset.
Creating register for signal `\tick_core.\imem[39]' using process `\tick_core.$proc$tick_core.sv:91$68'.
  created $adff cell `$procdff$8383' with positive edge clock and positive level reset.
Creating register for signal `\tick_core.\imem[40]' using process `\tick_core.$proc$tick_core.sv:91$68'.
  created $adff cell `$procdff$8388' with positive edge clock and positive level reset.
Creating register for signal `\tick_core.\imem[41]' using process `\tick_core.$proc$tick_core.sv:91$68'.
  created $adff cell `$procdff$8393' with positive edge clock and positive level reset.
Creating register for signal `\tick_core.\imem[42]' using process `\tick_core.$proc$tick_core.sv:91$68'.
  created $adff cell `$procdff$8398' with positive edge clock and positive level reset.
Creating register for signal `\tick_core.\imem[43]' using process `\tick_core.$proc$tick_core.sv:91$68'.
  created $adff cell `$procdff$8403' with positive edge clock and positive level reset.
Creating register for signal `\tick_core.\imem[44]' using process `\tick_core.$proc$tick_core.sv:91$68'.
  created $adff cell `$procdff$8408' with positive edge clock and positive level reset.
Creating register for signal `\tick_core.\imem[45]' using process `\tick_core.$proc$tick_core.sv:91$68'.
  created $adff cell `$procdff$8413' with positive edge clock and positive level reset.
Creating register for signal `\tick_core.\imem[46]' using process `\tick_core.$proc$tick_core.sv:91$68'.
  created $adff cell `$procdff$8418' with positive edge clock and positive level reset.
Creating register for signal `\tick_core.\imem[47]' using process `\tick_core.$proc$tick_core.sv:91$68'.
  created $adff cell `$procdff$8423' with positive edge clock and positive level reset.
Creating register for signal `\tick_core.\imem[48]' using process `\tick_core.$proc$tick_core.sv:91$68'.
  created $adff cell `$procdff$8428' with positive edge clock and positive level reset.
Creating register for signal `\tick_core.\imem[49]' using process `\tick_core.$proc$tick_core.sv:91$68'.
  created $adff cell `$procdff$8433' with positive edge clock and positive level reset.
Creating register for signal `\tick_core.\imem[50]' using process `\tick_core.$proc$tick_core.sv:91$68'.
  created $adff cell `$procdff$8438' with positive edge clock and positive level reset.
Creating register for signal `\tick_core.\imem[51]' using process `\tick_core.$proc$tick_core.sv:91$68'.
  created $adff cell `$procdff$8443' with positive edge clock and positive level reset.
Creating register for signal `\tick_core.\imem[52]' using process `\tick_core.$proc$tick_core.sv:91$68'.
  created $adff cell `$procdff$8448' with positive edge clock and positive level reset.
Creating register for signal `\tick_core.\imem[53]' using process `\tick_core.$proc$tick_core.sv:91$68'.
  created $adff cell `$procdff$8453' with positive edge clock and positive level reset.
Creating register for signal `\tick_core.\imem[54]' using process `\tick_core.$proc$tick_core.sv:91$68'.
  created $adff cell `$procdff$8458' with positive edge clock and positive level reset.
Creating register for signal `\tick_core.\imem[55]' using process `\tick_core.$proc$tick_core.sv:91$68'.
  created $adff cell `$procdff$8463' with positive edge clock and positive level reset.
Creating register for signal `\tick_core.\imem[56]' using process `\tick_core.$proc$tick_core.sv:91$68'.
  created $adff cell `$procdff$8468' with positive edge clock and positive level reset.
Creating register for signal `\tick_core.\imem[57]' using process `\tick_core.$proc$tick_core.sv:91$68'.
  created $adff cell `$procdff$8473' with positive edge clock and positive level reset.
Creating register for signal `\tick_core.\imem[58]' using process `\tick_core.$proc$tick_core.sv:91$68'.
  created $adff cell `$procdff$8478' with positive edge clock and positive level reset.
Creating register for signal `\tick_core.\imem[59]' using process `\tick_core.$proc$tick_core.sv:91$68'.
  created $adff cell `$procdff$8483' with positive edge clock and positive level reset.
Creating register for signal `\tick_core.\imem[60]' using process `\tick_core.$proc$tick_core.sv:91$68'.
  created $adff cell `$procdff$8488' with positive edge clock and positive level reset.
Creating register for signal `\tick_core.\imem[61]' using process `\tick_core.$proc$tick_core.sv:91$68'.
  created $adff cell `$procdff$8493' with positive edge clock and positive level reset.
Creating register for signal `\tick_core.\imem[62]' using process `\tick_core.$proc$tick_core.sv:91$68'.
  created $adff cell `$procdff$8498' with positive edge clock and positive level reset.
Creating register for signal `\tick_core.\imem[63]' using process `\tick_core.$proc$tick_core.sv:91$68'.
  created $adff cell `$procdff$8503' with positive edge clock and positive level reset.
Creating register for signal `\tick_core.\rf[0]' using process `\tick_core.$proc$tick_core.sv:91$68'.
  created $adff cell `$procdff$8508' with positive edge clock and positive level reset.
Creating register for signal `\tick_core.\rf[1]' using process `\tick_core.$proc$tick_core.sv:91$68'.
  created $adff cell `$procdff$8513' with positive edge clock and positive level reset.
Creating register for signal `\tick_core.\rf[2]' using process `\tick_core.$proc$tick_core.sv:91$68'.
  created $adff cell `$procdff$8518' with positive edge clock and positive level reset.
Creating register for signal `\tick_core.\rf[3]' using process `\tick_core.$proc$tick_core.sv:91$68'.
  created $adff cell `$procdff$8523' with positive edge clock and positive level reset.
Creating register for signal `\tick_core.\txfifo[0]' using process `\tick_core.$proc$tick_core.sv:91$68'.
  created $dff cell `$procdff$8530' with positive edge clock.
Creating register for signal `\tick_core.\txfifo[1]' using process `\tick_core.$proc$tick_core.sv:91$68'.
  created $dff cell `$procdff$8537' with positive edge clock.
Creating register for signal `\tick_core.\txfifo[2]' using process `\tick_core.$proc$tick_core.sv:91$68'.
  created $dff cell `$procdff$8544' with positive edge clock.
Creating register for signal `\tick_core.\txfifo[3]' using process `\tick_core.$proc$tick_core.sv:91$68'.
  created $dff cell `$procdff$8551' with positive edge clock.
Creating register for signal `\tick_core.\txfifo[4]' using process `\tick_core.$proc$tick_core.sv:91$68'.
  created $dff cell `$procdff$8558' with positive edge clock.
Creating register for signal `\tick_core.\txfifo[5]' using process `\tick_core.$proc$tick_core.sv:91$68'.
  created $dff cell `$procdff$8565' with positive edge clock.
Creating register for signal `\tick_core.\txfifo[6]' using process `\tick_core.$proc$tick_core.sv:91$68'.
  created $dff cell `$procdff$8572' with positive edge clock.
Creating register for signal `\tick_core.\txfifo[7]' using process `\tick_core.$proc$tick_core.sv:91$68'.
  created $dff cell `$procdff$8579' with positive edge clock.
Creating register for signal `\tick_core.\rxfifo[0]' using process `\tick_core.$proc$tick_core.sv:91$68'.
  created $dff cell `$procdff$8586' with positive edge clock.
Creating register for signal `\tick_core.\rxfifo[1]' using process `\tick_core.$proc$tick_core.sv:91$68'.
  created $dff cell `$procdff$8593' with positive edge clock.
Creating register for signal `\tick_core.\rxfifo[2]' using process `\tick_core.$proc$tick_core.sv:91$68'.
  created $dff cell `$procdff$8600' with positive edge clock.
Creating register for signal `\tick_core.\rxfifo[3]' using process `\tick_core.$proc$tick_core.sv:91$68'.
  created $dff cell `$procdff$8607' with positive edge clock.
Creating register for signal `\tick_core.\rxfifo[4]' using process `\tick_core.$proc$tick_core.sv:91$68'.
  created $dff cell `$procdff$8614' with positive edge clock.
Creating register for signal `\tick_core.\rxfifo[5]' using process `\tick_core.$proc$tick_core.sv:91$68'.
  created $dff cell `$procdff$8621' with positive edge clock.
Creating register for signal `\tick_core.\rxfifo[6]' using process `\tick_core.$proc$tick_core.sv:91$68'.
  created $dff cell `$procdff$8628' with positive edge clock.
Creating register for signal `\tick_core.\rxfifo[7]' using process `\tick_core.$proc$tick_core.sv:91$68'.
  created $dff cell `$procdff$8635' with positive edge clock.
Creating register for signal `\tick_core.$mem2reg_wr$\imem$tick_core.sv:117$28_ADDR' using process `\tick_core.$proc$tick_core.sv:91$68'.
  created $adff cell `$procdff$8640' with positive edge clock and positive level reset.
Creating register for signal `\tick_core.$mem2reg_wr$\imem$tick_core.sv:117$28_DATA' using process `\tick_core.$proc$tick_core.sv:91$68'.
  created $adff cell `$procdff$8645' with positive edge clock and positive level reset.
Creating register for signal `\tick_core.$mem2reg_wr$\txfifo$tick_core.sv:119$29_ADDR' using process `\tick_core.$proc$tick_core.sv:91$68'.
  created $adff cell `$procdff$8650' with positive edge clock and positive level reset.
Creating register for signal `\tick_core.$mem2reg_wr$\txfifo$tick_core.sv:119$29_DATA' using process `\tick_core.$proc$tick_core.sv:91$68'.
  created $adff cell `$procdff$8655' with positive edge clock and positive level reset.
Creating register for signal `\tick_core.$mem2reg_rd$\rxfifo$tick_core.sv:123$30_ADDR' using process `\tick_core.$proc$tick_core.sv:91$68'.
  created $adff cell `$procdff$8660' with positive edge clock and positive level reset.
Creating register for signal `\tick_core.$mem2reg_rd$\rxfifo$tick_core.sv:123$30_DATA' using process `\tick_core.$proc$tick_core.sv:91$68'.
  created $adff cell `$procdff$8665' with positive edge clock and positive level reset.
Creating register for signal `\tick_core.$mem2reg_rd$\txfifo$tick_core.sv:187$31_ADDR' using process `\tick_core.$proc$tick_core.sv:91$68'.
  created $adff cell `$procdff$8670' with positive edge clock and positive level reset.
Creating register for signal `\tick_core.$mem2reg_rd$\txfifo$tick_core.sv:187$31_DATA' using process `\tick_core.$proc$tick_core.sv:91$68'.
  created $adff cell `$procdff$8675' with positive edge clock and positive level reset.
Creating register for signal `\tick_core.$mem2reg_wr$\rf$tick_core.sv:188$32_ADDR' using process `\tick_core.$proc$tick_core.sv:91$68'.
  created $adff cell `$procdff$8680' with positive edge clock and positive level reset.
Creating register for signal `\tick_core.$mem2reg_wr$\rf$tick_core.sv:188$32_DATA' using process `\tick_core.$proc$tick_core.sv:91$68'.
  created $adff cell `$procdff$8685' with positive edge clock and positive level reset.
Creating register for signal `\tick_core.$mem2reg_rd$\txfifo$tick_core.sv:189$33_ADDR' using process `\tick_core.$proc$tick_core.sv:91$68'.
  created $adff cell `$procdff$8690' with positive edge clock and positive level reset.
Creating register for signal `\tick_core.$mem2reg_rd$\txfifo$tick_core.sv:189$33_DATA' using process `\tick_core.$proc$tick_core.sv:91$68'.
  created $adff cell `$procdff$8695' with positive edge clock and positive level reset.
Creating register for signal `\tick_core.$mem2reg_rd$\txfifo$tick_core.sv:190$34_ADDR' using process `\tick_core.$proc$tick_core.sv:91$68'.
  created $adff cell `$procdff$8700' with positive edge clock and positive level reset.
Creating register for signal `\tick_core.$mem2reg_rd$\txfifo$tick_core.sv:190$34_DATA' using process `\tick_core.$proc$tick_core.sv:91$68'.
  created $adff cell `$procdff$8705' with positive edge clock and positive level reset.
Creating register for signal `\tick_core.$mem2reg_wr$\rf$tick_core.sv:196$35_ADDR' using process `\tick_core.$proc$tick_core.sv:91$68'.
  created $adff cell `$procdff$8710' with positive edge clock and positive level reset.
Creating register for signal `\tick_core.$mem2reg_wr$\rf$tick_core.sv:196$35_DATA' using process `\tick_core.$proc$tick_core.sv:91$68'.
  created $adff cell `$procdff$8715' with positive edge clock and positive level reset.
Creating register for signal `\tick_core.$mem2reg_wr$\rf$tick_core.sv:268$36_ADDR' using process `\tick_core.$proc$tick_core.sv:91$68'.
  created $adff cell `$procdff$8720' with positive edge clock and positive level reset.
Creating register for signal `\tick_core.$mem2reg_wr$\rf$tick_core.sv:268$36_DATA' using process `\tick_core.$proc$tick_core.sv:91$68'.
  created $adff cell `$procdff$8725' with positive edge clock and positive level reset.
Creating register for signal `\tick_core.$mem2reg_wr$\rf$tick_core.sv:275$37_ADDR' using process `\tick_core.$proc$tick_core.sv:91$68'.
  created $adff cell `$procdff$8730' with positive edge clock and positive level reset.
Creating register for signal `\tick_core.$mem2reg_wr$\rf$tick_core.sv:275$37_DATA' using process `\tick_core.$proc$tick_core.sv:91$68'.
  created $adff cell `$procdff$8735' with positive edge clock and positive level reset.
Creating register for signal `\tick_core.$mem2reg_rd$\rf$tick_core.sv:275$38_ADDR' using process `\tick_core.$proc$tick_core.sv:91$68'.
  created $adff cell `$procdff$8740' with positive edge clock and positive level reset.
Creating register for signal `\tick_core.$mem2reg_rd$\rf$tick_core.sv:275$38_DATA' using process `\tick_core.$proc$tick_core.sv:91$68'.
  created $adff cell `$procdff$8745' with positive edge clock and positive level reset.
Creating register for signal `\tick_core.$mem2reg_rd$\rf$tick_core.sv:276$39_ADDR' using process `\tick_core.$proc$tick_core.sv:91$68'.
  created $adff cell `$procdff$8750' with positive edge clock and positive level reset.
Creating register for signal `\tick_core.$mem2reg_rd$\rf$tick_core.sv:276$39_DATA' using process `\tick_core.$proc$tick_core.sv:91$68'.
  created $adff cell `$procdff$8755' with positive edge clock and positive level reset.
Creating register for signal `\tick_core.$mem2reg_rd$\rf$tick_core.sv:279$40_ADDR' using process `\tick_core.$proc$tick_core.sv:91$68'.
  created $adff cell `$procdff$8760' with positive edge clock and positive level reset.
Creating register for signal `\tick_core.$mem2reg_rd$\rf$tick_core.sv:279$40_DATA' using process `\tick_core.$proc$tick_core.sv:91$68'.
  created $adff cell `$procdff$8765' with positive edge clock and positive level reset.
Creating register for signal `\tick_core.$mem2reg_rd$\rf$tick_core.sv:279$41_ADDR' using process `\tick_core.$proc$tick_core.sv:91$68'.
  created $adff cell `$procdff$8770' with positive edge clock and positive level reset.
Creating register for signal `\tick_core.$mem2reg_rd$\rf$tick_core.sv:279$41_DATA' using process `\tick_core.$proc$tick_core.sv:91$68'.
  created $adff cell `$procdff$8775' with positive edge clock and positive level reset.
Creating register for signal `\tick_core.$mem2reg_wr$\rf$tick_core.sv:280$42_ADDR' using process `\tick_core.$proc$tick_core.sv:91$68'.
  created $adff cell `$procdff$8780' with positive edge clock and positive level reset.
Creating register for signal `\tick_core.$mem2reg_wr$\rf$tick_core.sv:280$42_DATA' using process `\tick_core.$proc$tick_core.sv:91$68'.
  created $adff cell `$procdff$8785' with positive edge clock and positive level reset.
Creating register for signal `\tick_core.$mem2reg_rd$\rf$tick_core.sv:285$43_ADDR' using process `\tick_core.$proc$tick_core.sv:91$68'.
  created $adff cell `$procdff$8790' with positive edge clock and positive level reset.
Creating register for signal `\tick_core.$mem2reg_rd$\rf$tick_core.sv:285$43_DATA' using process `\tick_core.$proc$tick_core.sv:91$68'.
  created $adff cell `$procdff$8795' with positive edge clock and positive level reset.
Creating register for signal `\tick_core.$mem2reg_rd$\rf$tick_core.sv:286$44_ADDR' using process `\tick_core.$proc$tick_core.sv:91$68'.
  created $adff cell `$procdff$8800' with positive edge clock and positive level reset.
Creating register for signal `\tick_core.$mem2reg_rd$\rf$tick_core.sv:286$44_DATA' using process `\tick_core.$proc$tick_core.sv:91$68'.
  created $adff cell `$procdff$8805' with positive edge clock and positive level reset.
Creating register for signal `\tick_core.$mem2reg_wr$\rf$tick_core.sv:287$45_ADDR' using process `\tick_core.$proc$tick_core.sv:91$68'.
  created $adff cell `$procdff$8810' with positive edge clock and positive level reset.
Creating register for signal `\tick_core.$mem2reg_wr$\rf$tick_core.sv:287$45_DATA' using process `\tick_core.$proc$tick_core.sv:91$68'.
  created $adff cell `$procdff$8815' with positive edge clock and positive level reset.
Creating register for signal `\tick_core.$mem2reg_rd$\rf$tick_core.sv:304$46_ADDR' using process `\tick_core.$proc$tick_core.sv:91$68'.
  created $adff cell `$procdff$8820' with positive edge clock and positive level reset.
Creating register for signal `\tick_core.$mem2reg_rd$\rf$tick_core.sv:304$46_DATA' using process `\tick_core.$proc$tick_core.sv:91$68'.
  created $adff cell `$procdff$8825' with positive edge clock and positive level reset.
Creating register for signal `\tick_core.$mem2reg_rd$\rf$tick_core.sv:310$47_ADDR' using process `\tick_core.$proc$tick_core.sv:91$68'.
  created $adff cell `$procdff$8830' with positive edge clock and positive level reset.
Creating register for signal `\tick_core.$mem2reg_rd$\rf$tick_core.sv:310$47_DATA' using process `\tick_core.$proc$tick_core.sv:91$68'.
  created $adff cell `$procdff$8835' with positive edge clock and positive level reset.
Creating register for signal `\tick_core.$mem2reg_wr$\rf$tick_core.sv:319$48_ADDR' using process `\tick_core.$proc$tick_core.sv:91$68'.
  created $adff cell `$procdff$8840' with positive edge clock and positive level reset.
Creating register for signal `\tick_core.$mem2reg_wr$\rf$tick_core.sv:319$48_DATA' using process `\tick_core.$proc$tick_core.sv:91$68'.
  created $adff cell `$procdff$8845' with positive edge clock and positive level reset.
Creating register for signal `\tick_core.$mem2reg_rd$\txfifo$tick_core.sv:330$49_ADDR' using process `\tick_core.$proc$tick_core.sv:91$68'.
  created $adff cell `$procdff$8850' with positive edge clock and positive level reset.
Creating register for signal `\tick_core.$mem2reg_rd$\txfifo$tick_core.sv:330$49_DATA' using process `\tick_core.$proc$tick_core.sv:91$68'.
  created $adff cell `$procdff$8855' with positive edge clock and positive level reset.
Creating register for signal `\tick_core.$mem2reg_wr$\rf$tick_core.sv:331$50_ADDR' using process `\tick_core.$proc$tick_core.sv:91$68'.
  created $adff cell `$procdff$8860' with positive edge clock and positive level reset.
Creating register for signal `\tick_core.$mem2reg_wr$\rf$tick_core.sv:331$50_DATA' using process `\tick_core.$proc$tick_core.sv:91$68'.
  created $adff cell `$procdff$8865' with positive edge clock and positive level reset.
Creating register for signal `\tick_core.$mem2reg_rd$\txfifo$tick_core.sv:332$51_ADDR' using process `\tick_core.$proc$tick_core.sv:91$68'.
  created $adff cell `$procdff$8870' with positive edge clock and positive level reset.
Creating register for signal `\tick_core.$mem2reg_rd$\txfifo$tick_core.sv:332$51_DATA' using process `\tick_core.$proc$tick_core.sv:91$68'.
  created $adff cell `$procdff$8875' with positive edge clock and positive level reset.
Creating register for signal `\tick_core.$mem2reg_rd$\txfifo$tick_core.sv:333$52_ADDR' using process `\tick_core.$proc$tick_core.sv:91$68'.
  created $adff cell `$procdff$8880' with positive edge clock and positive level reset.
Creating register for signal `\tick_core.$mem2reg_rd$\txfifo$tick_core.sv:333$52_DATA' using process `\tick_core.$proc$tick_core.sv:91$68'.
  created $adff cell `$procdff$8885' with positive edge clock and positive level reset.
Creating register for signal `\tick_core.$mem2reg_wr$\rxfifo$tick_core.sv:341$53_ADDR' using process `\tick_core.$proc$tick_core.sv:91$68'.
  created $adff cell `$procdff$8890' with positive edge clock and positive level reset.
Creating register for signal `\tick_core.$mem2reg_wr$\rxfifo$tick_core.sv:341$53_DATA' using process `\tick_core.$proc$tick_core.sv:91$68'.
  created $adff cell `$procdff$8895' with positive edge clock and positive level reset.
Creating register for signal `\tick_core.$mem2reg_rd$\rf$tick_core.sv:341$54_ADDR' using process `\tick_core.$proc$tick_core.sv:91$68'.
  created $adff cell `$procdff$8900' with positive edge clock and positive level reset.
Creating register for signal `\tick_core.$mem2reg_rd$\rf$tick_core.sv:341$54_DATA' using process `\tick_core.$proc$tick_core.sv:91$68'.
  created $adff cell `$procdff$8905' with positive edge clock and positive level reset.
Creating register for signal `\tick_core.$mem2reg_wr$\rf$tick_core.sv:352$55_ADDR' using process `\tick_core.$proc$tick_core.sv:91$68'.
  created $adff cell `$procdff$8910' with positive edge clock and positive level reset.
Creating register for signal `\tick_core.$mem2reg_wr$\rf$tick_core.sv:352$55_DATA' using process `\tick_core.$proc$tick_core.sv:91$68'.
  created $adff cell `$procdff$8915' with positive edge clock and positive level reset.
Creating register for signal `\tick_core.$lookahead\a_res$66' using process `\tick_core.$proc$tick_core.sv:91$68'.
  created $adff cell `$procdff$8920' with positive edge clock and positive level reset.
Creating register for signal `\tick_core.$lookahead\result$67' using process `\tick_core.$proc$tick_core.sv:91$68'.
  created $adff cell `$procdff$8925' with positive edge clock and positive level reset.
Creating register for signal `\tick_formal_top.$past$tick_formal_top.sv:75$3$0' using process `\tick_formal_top.$proc$tick_formal_top.sv:74$11'.
  created $dff cell `$procdff$8926' with positive edge clock.
Creating register for signal `\tick_formal_top.\saw_reset' using process `\tick_formal_top.$proc$tick_formal_top.sv:59$4'.
  created $dff cell `$procdff$8927' with positive edge clock.

3.3.10. Executing PROC_MEMWR pass (convert process memory writes to cells).

3.3.11. Executing PROC_CLEAN pass (remove empty switches from decision trees).
Found and cleaned up 1 empty switch in `\tick_core.$proc$tick_core.sv:86$531'.
Removing empty process `tick_core.$proc$tick_core.sv:86$531'.
Found and cleaned up 79 empty switches in `\tick_core.$proc$tick_core.sv:91$68'.
Removing empty process `tick_core.$proc$tick_core.sv:91$68'.
Removing empty process `tick_formal_top.$proc$tick_formal_top.sv:58$24'.
Removing empty process `tick_formal_top.$proc$tick_formal_top.sv:55$21'.
Found and cleaned up 1 empty switch in `\tick_formal_top.$proc$tick_formal_top.sv:74$11'.
Removing empty process `tick_formal_top.$proc$tick_formal_top.sv:74$11'.
Found and cleaned up 2 empty switches in `\tick_formal_top.$proc$tick_formal_top.sv:66$6'.
Removing empty process `tick_formal_top.$proc$tick_formal_top.sv:66$6'.
Found and cleaned up 1 empty switch in `\tick_formal_top.$proc$tick_formal_top.sv:59$4'.
Removing empty process `tick_formal_top.$proc$tick_formal_top.sv:59$4'.
Cleaned up 84 empty switches.

3.3.12. Executing OPT_EXPR pass (perform const folding).
Optimizing module tick_core.
<suppressed ~741 debug messages>
Optimizing module tick_formal_top.
<suppressed ~5 debug messages>

3.4. Executing FUTURE pass.

3.5. Executing OPT_EXPR pass (perform const folding).
Optimizing module tick_core.
Optimizing module tick_formal_top.

3.6. Executing OPT_CLEAN pass (remove unused cells and wires).
Finding unused cells or wires in module \tick_core..
Finding unused cells or wires in module \tick_formal_top..
Removed 1164 unused cells and 3171 unused wires.
<suppressed ~1182 debug messages>

3.7. Executing CHECK pass (checking for obvious problems).
Checking module tick_core...
Checking module tick_formal_top...
Found and reported 0 problems.

3.8. Executing OPT pass (performing simple optimizations).

3.8.1. Executing OPT_EXPR pass (perform const folding).
Optimizing module tick_core.
Optimizing module tick_formal_top.

3.8.2. Executing OPT_MERGE pass (detect identical cells).
Finding identical cells in module `\tick_core'.
Computing hashes of 1440 cells of `\tick_core'.
Finding duplicate cells in `\tick_core'.
Computing hashes of 1246 cells of `\tick_core'.
Finding duplicate cells in `\tick_core'.
Computing hashes of 1244 cells of `\tick_core'.
Finding duplicate cells in `\tick_core'.
Computing hashes of 1243 cells of `\tick_core'.
Finding duplicate cells in `\tick_core'.
Computing hashes of 1242 cells of `\tick_core'.
Finding duplicate cells in `\tick_core'.
Computing hashes of 1241 cells of `\tick_core'.
Finding duplicate cells in `\tick_core'.
<suppressed ~597 debug messages>
Finding identical cells in module `\tick_formal_top'.
Computing hashes of 23 cells of `\tick_formal_top'.
Finding duplicate cells in `\tick_formal_top'.
Computing hashes of 22 cells of `\tick_formal_top'.
Finding duplicate cells in `\tick_formal_top'.
<suppressed ~3 debug messages>
Removed a total of 200 cells.

3.8.3. Executing OPT_MUXTREE pass (detect dead branches in mux trees).
Running muxtree optimizer on module \tick_core..
  Creating internal representation of mux trees.
  Evaluating internal representation of mux trees.
      Replacing known input bits on port A of cell $procmux$7539: \waiting -> 1'0
      Replacing known input bits on port A of cell $procmux$7531: \waiting -> 1'1
  Analyzing evaluation results.
    dead port 2/2 on $mux $procmux$3537.
    dead port 2/2 on $mux $procmux$3531.
    dead port 2/2 on $mux $procmux$3480.
    dead port 2/2 on $mux $procmux$3478.
    dead port 2/2 on $mux $procmux$3471.
    dead port 2/2 on $mux $procmux$3469.
    dead port 2/2 on $mux $procmux$3402.
    dead port 2/2 on $mux $procmux$3400.
    dead port 1/2 on $mux $procmux$3398.
    dead port 2/2 on $mux $procmux$3390.
    dead port 2/2 on $mux $procmux$3388.
    dead port 1/2 on $mux $procmux$3386.
    dead port 2/2 on $mux $procmux$3303.
    dead port 2/2 on $mux $procmux$3301.
    dead port 1/2 on $mux $procmux$3299.
    dead port 1/2 on $mux $procmux$3296.
    dead port 2/2 on $mux $procmux$3288.
    dead port 2/2 on $mux $procmux$3286.
    dead port 1/2 on $mux $procmux$3284.
    dead port 1/2 on $mux $procmux$3281.
    dead port 2/2 on $mux $procmux$3255.
    dead port 2/2 on $mux $procmux$3253.
    dead port 1/2 on $mux $procmux$3251.
    dead port 1/2 on $mux $procmux$3248.
    dead port 2/2 on $mux $procmux$3245.
    dead port 2/2 on $mux $procmux$3216.
    dead port 2/2 on $mux $procmux$3214.
    dead port 1/2 on $mux $procmux$3212.
    dead port 1/2 on $mux $procmux$3209.
    dead port 2/2 on $mux $procmux$3206.
    dead port 2/2 on $mux $procmux$3204.
    dead port 2/2 on $mux $procmux$3177.
    dead port 2/2 on $mux $procmux$3175.
    dead port 1/2 on $mux $procmux$3173.
    dead port 1/2 on $mux $procmux$3170.
    dead port 2/2 on $mux $procmux$3167.
    dead port 2/2 on $mux $procmux$3159.
    dead port 2/2 on $mux $procmux$3157.
    dead port 1/2 on $mux $procmux$3155.
    dead port 1/2 on $mux $procmux$3152.
    dead port 2/2 on $mux $procmux$3149.
    dead port 2/2 on $mux $procmux$3120.
    dead port 2/2 on $mux $procmux$3118.
    dead port 1/2 on $mux $procmux$3116.
    dead port 1/2 on $mux $procmux$3113.
    dead port 2/2 on $mux $procmux$3110.
    dead port 2/2 on $mux $procmux$3108.
    dead port 2/2 on $mux $procmux$3075.
    dead port 2/2 on $mux $procmux$3073.
    dead port 1/2 on $mux $procmux$3071.
    dead port 1/2 on $mux $procmux$3068.
    dead port 2/2 on $mux $procmux$3065.
    dead port 2/2 on $mux $procmux$3063.
    dead port 1/2 on $mux $procmux$3061.
    dead port 2/2 on $mux $procmux$2781.
    dead port 2/2 on $mux $procmux$2779.
    dead port 1/2 on $mux $procmux$2777.
    dead port 1/2 on $mux $procmux$2774.
    dead port 2/2 on $mux $procmux$2475.
    dead port 2/2 on $mux $procmux$2429.
    dead port 1/2 on $mux $procmux$2427.
    dead port 2/2 on $mux $procmux$1936.
    dead port 1/2 on $mux $procmux$1934.
    dead port 2/2 on $mux $procmux$1899.
    dead port 1/2 on $mux $procmux$1897.
    dead port 2/2 on $mux $procmux$1895.
    dead port 2/2 on $mux $procmux$1879.
    dead port 1/2 on $mux $procmux$1877.
    dead port 2/2 on $mux $procmux$1875.
    dead port 2/2 on $mux $procmux$1859.
    dead port 1/2 on $mux $procmux$1857.
    dead port 2/2 on $mux $procmux$1855.
    dead port 2/2 on $mux $procmux$1853.
    dead port 2/2 on $mux $procmux$1836.
    dead port 1/2 on $mux $procmux$1834.
    dead port 2/2 on $mux $procmux$1832.
    dead port 2/2 on $mux $procmux$1830.
    dead port 2/2 on $mux $procmux$1790.
    dead port 1/2 on $mux $procmux$1788.
    dead port 2/2 on $mux $procmux$1786.
    dead port 2/2 on $mux $procmux$1433.
    dead port 1/2 on $mux $procmux$1431.
    dead port 2/2 on $mux $procmux$1429.
    dead port 2/2 on $mux $procmux$1427.
    dead port 2/2 on $mux $procmux$1343.
    dead port 1/2 on $mux $procmux$1341.
    dead port 2/2 on $mux $procmux$1339.
    dead port 2/2 on $mux $procmux$1337.
    dead port 2/2 on $mux $procmux$1301.
    dead port 1/2 on $mux $procmux$1299.
    dead port 2/2 on $mux $procmux$1297.
    dead port 2/2 on $mux $procmux$1226.
    dead port 1/2 on $mux $procmux$1224.
    dead port 2/2 on $mux $procmux$1222.
    dead port 2/2 on $mux $procmux$1211.
    dead port 1/2 on $mux $procmux$1209.
    dead port 2/2 on $mux $procmux$1207.
    dead port 2/2 on $mux $procmux$1124.
    dead port 1/2 on $mux $procmux$1122.
    dead port 2/2 on $mux $procmux$1120.
    dead port 1/2 on $mux $procmux$1118.
    dead port 2/2 on $mux $procmux$1106.
    dead port 1/2 on $mux $procmux$1104.
    dead port 2/2 on $mux $procmux$1102.
    dead port 1/2 on $mux $procmux$1100.
    dead port 2/2 on $mux $procmux$1097.
    dead port 2/2 on $mux $procmux$1083.
    dead port 1/2 on $mux $procmux$1081.
    dead port 2/2 on $mux $procmux$1079.
    dead port 1/2 on $mux $procmux$1077.
    dead port 1/2 on $mux $procmux$1074.
    dead port 2/2 on $mux $procmux$934.
    dead port 1/2 on $mux $procmux$932.
    dead port 2/2 on $mux $procmux$930.
    dead port 2/2 on $mux $procmux$858.
    dead port 1/2 on $mux $procmux$856.
    dead port 2/2 on $mux $procmux$854.
    dead port 2/2 on $mux $procmux$852.
    dead port 2/2 on $mux $procmux$773.
    dead port 1/2 on $mux $procmux$771.
    dead port 2/2 on $mux $procmux$769.
    dead port 2/2 on $mux $procmux$708.
    dead port 1/2 on $mux $procmux$706.
    dead port 2/2 on $mux $procmux$704.
    dead port 2/2 on $mux $procmux$695.
    dead port 1/2 on $mux $procmux$693.
    dead port 2/2 on $mux $procmux$691.
    dead port 1/2 on $mux $procmux$689.
    dead port 2/2 on $mux $procmux$677.
    dead port 1/2 on $mux $procmux$675.
    dead port 2/2 on $mux $procmux$673.
    dead port 2/2 on $mux $procmux$611.
    dead port 1/2 on $mux $procmux$609.
    dead port 2/2 on $mux $procmux$607.
    dead port 2/2 on $mux $procmux$605.
    dead port 2/2 on $mux $procmux$3600.
    dead port 2/2 on $mux $procmux$3598.
    dead port 2/2 on $mux $procmux$3591.
    dead port 2/2 on $mux $procmux$3589.
    dead port 2/2 on $mux $procmux$3587.
    dead port 2/2 on $mux $procmux$3579.
    dead port 2/2 on $mux $procmux$3577.
    dead port 1/2 on $mux $procmux$3575.
Running muxtree optimizer on module \tick_formal_top..
  Creating internal representation of mux trees.
  Evaluating internal representation of mux trees.
  Analyzing evaluation results.
Removed 143 multiplexer ports.
<suppressed ~1792 debug messages>

3.8.4. Executing OPT_REDUCE pass (consolidate $*mux and $reduce_* inputs).
  Optimizing cells in module \tick_core.
    New ctrl vector for $pmux cell $procmux$1916: { $procmux$3973_CMP $procmux$6712_CMP $procmux$6957_CMP }
  Optimizing cells in module \tick_core.
  Optimizing cells in module \tick_formal_top.
Performed a total of 3 changes.

3.8.5. Executing OPT_MERGE pass (detect identical cells).
Finding identical cells in module `\tick_core'.
Computing hashes of 1096 cells of `\tick_core'.
Finding duplicate cells in `\tick_core'.
Computing hashes of 1083 cells of `\tick_core'.
Finding duplicate cells in `\tick_core'.
Computing hashes of 1080 cells of `\tick_core'.
Finding duplicate cells in `\tick_core'.
<suppressed ~48 debug messages>
Finding identical cells in module `\tick_formal_top'.
Computing hashes of 22 cells of `\tick_formal_top'.
Finding duplicate cells in `\tick_formal_top'.
Computing hashes of 20 cells of `\tick_formal_top'.
Finding duplicate cells in `\tick_formal_top'.
<suppressed ~6 debug messages>
Removed a total of 18 cells.

3.8.6. Executing OPT_CLEAN pass (remove unused cells and wires).
Finding unused cells or wires in module \tick_core..
Finding unused cells or wires in module \tick_formal_top..
Removed 0 unused cells and 363 unused wires.
<suppressed ~2 debug messages>

3.8.7. Executing OPT_EXPR pass (perform const folding).
Optimizing module tick_core.
Optimizing module tick_formal_top.

3.8.8. Rerunning OPT passes. (Maybe there is more to do..)

3.8.9. Executing OPT_MUXTREE pass (detect dead branches in mux trees).
Running muxtree optimizer on module \tick_core..
  Creating internal representation of mux trees.
  Evaluating internal representation of mux trees.
  Analyzing evaluation results.
Running muxtree optimizer on module \tick_formal_top..
  Creating internal representation of mux trees.
  Evaluating internal representation of mux trees.
  Analyzing evaluation results.
Removed 0 multiplexer ports.
<suppressed ~1596 debug messages>

3.8.10. Executing OPT_REDUCE pass (consolidate $*mux and $reduce_* inputs).
  Optimizing cells in module \tick_core.
  Optimizing cells in module \tick_formal_top.
Performed a total of 0 changes.

3.8.11. Executing OPT_MERGE pass (detect identical cells).
Finding identical cells in module `\tick_core'.
Computing hashes of 1080 cells of `\tick_core'.
Finding duplicate cells in `\tick_core'.
Finding identical cells in module `\tick_formal_top'.
Computing hashes of 20 cells of `\tick_formal_top'.
Finding duplicate cells in `\tick_formal_top'.
Removed a total of 0 cells.

3.8.12. Executing OPT_CLEAN pass (remove unused cells and wires).
Finding unused cells or wires in module \tick_core..
Finding unused cells or wires in module \tick_formal_top..

3.8.13. Executing OPT_EXPR pass (perform const folding).
Optimizing module tick_core.
Optimizing module tick_formal_top.

3.8.14. Finished fast OPT passes. (There is nothing left to do.)

3.9. Executing WREDUCE pass (reducing word size of cells).
Removed top 2 bits (of 3) from port B of cell tick_core.$add$tick_core.sv:120$196 ($add).
Removed top 2 bits (of 3) from port B of cell tick_core.$add$tick_core.sv:122$199 ($add).
Removed top 15 bits (of 16) from port B of cell tick_core.$eq$tick_core.sv:130$257 ($eq).
Removed top 15 bits (of 16) from port B of cell tick_core.$sub$tick_core.sv:131$258 ($sub).
Removed top 15 bits (of 20) from port B of cell tick_core.$add$tick_core.sv:136$263 ($add).
Removed top 1 bits (of 2) from port B of cell tick_core.$eq$tick_core.sv:146$274 ($eq).
Removed top 3 bits (of 4) from port B of cell tick_core.$add$tick_core.sv:157$284 ($add).
Removed top 3 bits (of 4) from port B of cell tick_core.$sub$tick_core.sv:158$286 ($sub).
Removed top 1 bits (of 4) from mux cell tick_core.$ternary$tick_core.sv:158$287 ($mux).
Removed top 1 bits (of 2) from port B of cell tick_core.$eq$tick_core.sv:164$292 ($eq).
Converting cell tick_core.$neg$tick_core.sv:173$319 ($neg) from signed to unsigned.
Removed top 1 bits (of 5) from port A of cell tick_core.$neg$tick_core.sv:173$319 ($neg).
Removed top 3 bits (of 4) from port B of cell tick_core.$add$tick_core.sv:181$322 ($add).
Removed top 1 bits (of 2) from port B of cell tick_core.$eq$tick_core.sv:208$361 ($eq).
Removed top 5 bits (of 6) from port B of cell tick_core.$add$tick_core.sv:219$365 ($add).
Removed top 1 bits (of 9) from port A of cell tick_core.$add$tick_core.sv:279$480 ($add).
Removed top 1 bits (of 9) from port B of cell tick_core.$add$tick_core.sv:279$480 ($add).
Removed top 2 bits (of 3) from port B of cell tick_core.$add$tick_core.sv:335$515 ($add).
Removed top 2 bits (of 3) from port B of cell tick_core.$add$tick_core.sv:342$522 ($add).
Removed top 1 bits (of 6) from port B of cell tick_core.$procmux$567_CMP0 ($eq).
Removed top 1 bits (of 6) from port B of cell tick_core.$procmux$568_CMP0 ($eq).
Removed top 1 bits (of 6) from port B of cell tick_core.$procmux$569_CMP0 ($eq).
Removed top 1 bits (of 6) from port B of cell tick_core.$procmux$570_CMP0 ($eq).
Removed top 1 bits (of 6) from port B of cell tick_core.$procmux$571_CMP0 ($eq).
Removed top 1 bits (of 6) from port B of cell tick_core.$procmux$572_CMP0 ($eq).
Removed top 1 bits (of 6) from port B of cell tick_core.$procmux$573_CMP0 ($eq).
Removed top 1 bits (of 6) from port B of cell tick_core.$procmux$574_CMP0 ($eq).
Removed top 1 bits (of 6) from port B of cell tick_core.$procmux$575_CMP0 ($eq).
Removed top 1 bits (of 6) from port B of cell tick_core.$procmux$576_CMP0 ($eq).
Removed top 1 bits (of 6) from port B of cell tick_core.$procmux$577_CMP0 ($eq).
Removed top 1 bits (of 6) from port B of cell tick_core.$procmux$578_CMP0 ($eq).
Removed top 1 bits (of 6) from port B of cell tick_core.$procmux$579_CMP0 ($eq).
Removed top 1 bits (of 6) from port B of cell tick_core.$procmux$580_CMP0 ($eq).
Removed top 1 bits (of 6) from port B of cell tick_core.$procmux$581_CMP0 ($eq).
Removed top 1 bits (of 6) from port B of cell tick_core.$procmux$582_CMP0 ($eq).
Removed top 2 bits (of 6) from port B of cell tick_core.$procmux$583_CMP0 ($eq).
Removed top 2 bits (of 6) from port B of cell tick_core.$procmux$584_CMP0 ($eq).
Removed top 2 bits (of 6) from port B of cell tick_core.$procmux$585_CMP0 ($eq).
Removed top 2 bits (of 6) from port B of cell tick_core.$procmux$586_CMP0 ($eq).
Removed top 2 bits (of 6) from port B of cell tick_core.$procmux$587_CMP0 ($eq).
Removed top 2 bits (of 6) from port B of cell tick_core.$procmux$588_CMP0 ($eq).
Removed top 2 bits (of 6) from port B of cell tick_core.$procmux$589_CMP0 ($eq).
Removed top 2 bits (of 6) from port B of cell tick_core.$procmux$590_CMP0 ($eq).
Removed top 3 bits (of 6) from port B of cell tick_core.$procmux$591_CMP0 ($eq).
Removed top 3 bits (of 6) from port B of cell tick_core.$procmux$592_CMP0 ($eq).
Removed top 3 bits (of 6) from port B of cell tick_core.$procmux$593_CMP0 ($eq).
Removed top 3 bits (of 6) from port B of cell tick_core.$procmux$594_CMP0 ($eq).
Removed top 4 bits (of 6) from port B of cell tick_core.$procmux$595_CMP0 ($eq).
Removed top 4 bits (of 6) from port B of cell tick_core.$procmux$596_CMP0 ($eq).
Removed top 5 bits (of 6) from port B of cell tick_core.$procmux$597_CMP0 ($eq).
Removed top 2 bits (of 10) from mux cell tick_core.$procmux$842 ($mux).
Removed top 1 bits (of 2) from port B of cell tick_core.$procmux$1425_CMP0 ($eq).
Removed top 1 bits (of 4) from port B of cell tick_core.$procmux$1804_CMP0 ($eq).
Removed top 2 bits (of 4) from port B of cell tick_core.$procmux$1805_CMP0 ($eq).
Removed top 2 bits (of 4) from port B of cell tick_core.$procmux$1806_CMP0 ($eq).
Removed top 3 bits (of 4) from port B of cell tick_core.$procmux$1807_CMP0 ($eq).
Removed top 2 bits (of 4) from port B of cell tick_core.$procmux$2426_CMP0 ($eq).
Removed top 1 bits (of 3) from port B of cell tick_core.$procmux$2863_CMP0 ($eq).
Removed top 1 bits (of 3) from port B of cell tick_core.$procmux$2864_CMP0 ($eq).
Removed top 2 bits (of 3) from port B of cell tick_core.$procmux$2865_CMP0 ($eq).
Removed top 2 bits (of 10) from mux cell tick_core.$procmux$2871 ($mux).
Removed top 1 bits (of 3) from port B of cell tick_core.$procmux$3811_CMP0 ($eq).
Removed top 1 bits (of 3) from port B of cell tick_core.$procmux$3812_CMP0 ($eq).
Removed top 2 bits (of 3) from port B of cell tick_core.$procmux$3813_CMP0 ($eq).
Removed top 1 bits (of 3) from port B of cell tick_core.$procmux$3906_CMP0 ($eq).
Removed top 1 bits (of 3) from port B of cell tick_core.$procmux$3926_CMP0 ($eq).
Removed top 2 bits (of 3) from port B of cell tick_core.$procmux$3947_CMP0 ($eq).
Removed top 1 bits (of 3) from port B of cell tick_core.$procmux$4010_CMP0 ($eq).
Removed top 1 bits (of 3) from port B of cell tick_core.$procmux$4020_CMP0 ($eq).
Removed top 2 bits (of 3) from port B of cell tick_core.$procmux$4031_CMP0 ($eq).
Removed top 1 bits (of 4) from port B of cell tick_core.$procmux$4082_CMP0 ($eq).
Removed top 1 bits (of 2) from port B of cell tick_core.$procmux$4173_CMP0 ($eq).
Removed top 1 bits (of 2) from port B of cell tick_core.$procmux$4180_CMP0 ($eq).
Removed top 1 bits (of 2) from port B of cell tick_core.$procmux$4229_CMP0 ($eq).
Removed top 1 bits (of 2) from port B of cell tick_core.$procmux$4235_CMP0 ($eq).
Removed top 2 bits (of 3) from port B of cell tick_core.$procmux$4306_CMP0 ($eq).
Removed top 1 bits (of 4) from port B of cell tick_core.$procmux$4313_CMP0 ($eq).
Removed top 1 bits (of 4) from port B of cell tick_core.$procmux$4319_CMP0 ($eq).
Removed top 1 bits (of 6) from port B of cell tick_core.$procmux$5014_CMP0 ($eq).
Removed top 1 bits (of 6) from port B of cell tick_core.$procmux$5052_CMP0 ($eq).
Removed top 1 bits (of 6) from port B of cell tick_core.$procmux$5091_CMP0 ($eq).
Removed top 1 bits (of 6) from port B of cell tick_core.$procmux$5131_CMP0 ($eq).
Removed top 1 bits (of 6) from port B of cell tick_core.$procmux$5172_CMP0 ($eq).
Removed top 1 bits (of 6) from port B of cell tick_core.$procmux$5214_CMP0 ($eq).
Removed top 1 bits (of 6) from port B of cell tick_core.$procmux$5257_CMP0 ($eq).
Removed top 1 bits (of 6) from port B of cell tick_core.$procmux$5301_CMP0 ($eq).
Removed top 1 bits (of 6) from port B of cell tick_core.$procmux$5346_CMP0 ($eq).
Removed top 1 bits (of 6) from port B of cell tick_core.$procmux$5392_CMP0 ($eq).
Removed top 1 bits (of 6) from port B of cell tick_core.$procmux$5439_CMP0 ($eq).
Removed top 1 bits (of 6) from port B of cell tick_core.$procmux$5487_CMP0 ($eq).
Removed top 1 bits (of 6) from port B of cell tick_core.$procmux$5536_CMP0 ($eq).
Removed top 1 bits (of 6) from port B of cell tick_core.$procmux$5586_CMP0 ($eq).
Removed top 1 bits (of 6) from port B of cell tick_core.$procmux$5637_CMP0 ($eq).
Removed top 1 bits (of 6) from port B of cell tick_core.$procmux$5689_CMP0 ($eq).
Removed top 2 bits (of 6) from port B of cell tick_core.$procmux$5742_CMP0 ($eq).
Removed top 2 bits (of 6) from port B of cell tick_core.$procmux$5796_CMP0 ($eq).
Removed top 2 bits (of 6) from port B of cell tick_core.$procmux$5851_CMP0 ($eq).
Removed top 2 bits (of 6) from port B of cell tick_core.$procmux$5907_CMP0 ($eq).
Removed top 2 bits (of 6) from port B of cell tick_core.$procmux$5964_CMP0 ($eq).
Removed top 2 bits (of 6) from port B of cell tick_core.$procmux$6022_CMP0 ($eq).
Removed top 2 bits (of 6) from port B of cell tick_core.$procmux$6081_CMP0 ($eq).
Removed top 2 bits (of 6) from port B of cell tick_core.$procmux$6141_CMP0 ($eq).
Removed top 3 bits (of 6) from port B of cell tick_core.$procmux$6202_CMP0 ($eq).
Removed top 3 bits (of 6) from port B of cell tick_core.$procmux$6264_CMP0 ($eq).
Removed top 3 bits (of 6) from port B of cell tick_core.$procmux$6327_CMP0 ($eq).
Removed top 3 bits (of 6) from port B of cell tick_core.$procmux$6391_CMP0 ($eq).
Removed top 4 bits (of 6) from port B of cell tick_core.$procmux$6456_CMP0 ($eq).
Removed top 4 bits (of 6) from port B of cell tick_core.$procmux$6522_CMP0 ($eq).
Removed top 5 bits (of 6) from port B of cell tick_core.$procmux$6589_CMP0 ($eq).
Removed top 1 bits (of 4) from port B of cell tick_core.$procmux$6712_CMP0 ($eq).
Removed top 2 bits (of 4) from port B of cell tick_core.$procmux$7303_CMP0 ($eq).
Removed top 1 bits (of 4) from port Y of cell tick_core.$sub$tick_core.sv:158$286 ($sub).
Removed top 1 bits (of 4) from port A of cell tick_core.$sub$tick_core.sv:158$286 ($sub).
Removed top 2 bits (of 10) from mux cell tick_core.$procmux$840 ($mux).
Removed top 2 bits (of 10) from mux cell tick_core.$procmux$2869 ($mux).
Removed top 1 bits (of 4) from port Y of cell tick_core.$sub$tick_core.sv:157$285 ($sub).
Removed top 1 bits (of 4) from port A of cell tick_core.$sub$tick_core.sv:157$285 ($sub).
Removed top 1 bits (of 4) from port B of cell tick_core.$sub$tick_core.sv:157$285 ($sub).
Removed top 2 bits (of 10) from mux cell tick_core.$procmux$838 ($mux).
Removed top 2 bits (of 10) from mux cell tick_core.$procmux$2867 ($mux).
Removed top 1 bits (of 4) from port Y of cell tick_core.$add$tick_core.sv:157$284 ($add).
Removed top 1 bits (of 4) from port A of cell tick_core.$add$tick_core.sv:157$284 ($add).
Removed top 2 bits (of 10) from mux cell tick_core.$procmux$836 ($mux).
Removed top 2 bits (of 10) from mux cell tick_core.$procmux$2858 ($pmux).
Removed top 2 bits (of 10) from wire tick_core.$6$mem2reg_rd$\txfifo$tick_core.sv:330$49_DATA[9:0]$511.
Removed top 2 bits (of 10) from wire tick_core.$procmux$2869_Y.
Removed top 2 bits (of 10) from wire tick_core.$procmux$2867_Y.
Removed top 2 bits (of 10) from wire tick_core.$procmux$2858_Y.
Removed top 2 bits (of 10) from wire tick_core.$5$mem2reg_rd$\txfifo$tick_core.sv:187$31_DATA[9:0]$345.
Removed top 1 bits (of 4) from wire tick_core.$ternary$tick_core.sv:158$287_Y.
Removed top 1 bits (of 4) from wire tick_core.$sub$tick_core.sv:158$286_Y.
Removed top 1 bits (of 4) from wire tick_core.$sub$tick_core.sv:157$285_Y.
Removed top 1 bits (of 4) from wire tick_core.$add$tick_core.sv:157$284_Y.
Removed top 2 bits (of 10) from wire tick_core.$procmux$840_Y.
Removed top 2 bits (of 10) from wire tick_core.$procmux$838_Y.
Removed top 2 bits (of 10) from wire tick_core.$procmux$836_Y.

3.10. Executing OPT_CLEAN pass (remove unused cells and wires).
Finding unused cells or wires in module \tick_core..
Finding unused cells or wires in module \tick_formal_top..
Removed 0 unused cells and 12 unused wires.
<suppressed ~1 debug messages>

3.11. Executing MEMORY_COLLECT pass (generating $mem cells).

3.12. Executing OPT pass (performing simple optimizations).

3.12.1. Executing OPT_EXPR pass (perform const folding).
Optimizing module tick_core.
Optimizing module tick_formal_top.

3.12.2. Executing OPT_MERGE pass (detect identical cells).
Finding identical cells in module `\tick_core'.
Computing hashes of 1080 cells of `\tick_core'.
Finding duplicate cells in `\tick_core'.
Finding identical cells in module `\tick_formal_top'.
Computing hashes of 20 cells of `\tick_formal_top'.
Finding duplicate cells in `\tick_formal_top'.
Removed a total of 0 cells.

3.12.3. Executing OPT_CLEAN pass (remove unused cells and wires).
Finding unused cells or wires in module \tick_core..
Finding unused cells or wires in module \tick_formal_top..

3.12.4. Finished fast OPT passes.

3.13. Executing SORT pass.

3.14. Printing statistics.

=== tick_core ===

        +----------Local Count, excluding submodules.
        | 
     1103 wires
     7233 wire bits
      156 public wires
     1508 public wire bits
       25 ports
      104 port bits
     1080 cells
        9   $add
       92   $adff
        1   $and
       34   $dff
      197   $eq
        1   $ge
       10   $logic_and
       29   $logic_not
        4   $logic_or
      659   $mux
        1   $neg
        3   $not
        1   $or
       27   $pmux
        5   $reduce_bool
        2   $shift
        1   $shiftx
        4   $sub

=== tick_formal_top ===

        +----------Local Count, excluding submodules.
        | 
       36 wires
       81 wire bits
       23 public wires
       68 public wire bits
       10 ports
       39 port bits
       19 cells
        5   $check
        2   $dff
        2   $logic_and
        4   $logic_not
        4   $mux
        2   $reduce_bool
        1 submodules
        1   tick_core

=== design hierarchy ===

        +----------Count including submodules.
        | 
     1099 tick_formal_top
     1080 tick_core

        +----------Count including submodules.
        | 
     1139 wires
     7314 wire bits
      179 public wires
     1576 public wire bits
       35 ports
      143 port bits
        - memories
        - memory bits
        - processes
     1099 cells
        9   $add
       92   $adff
        1   $and
        5   $check
       36   $dff
      197   $eq
        1   $ge
       12   $logic_and
       33   $logic_not
        4   $logic_or
      663   $mux
        1   $neg
        3   $not
        1   $or
       27   $pmux
        7   $reduce_bool
        2   $shift
        1   $shiftx
        4   $sub
        1 submodules
        1   tick_core

3.15. Executing CHECK pass (checking for obvious problems).
Checking module tick_core...
Checking module tick_formal_top...
Found and reported 0 problems.

4. Executing HIERARCHY pass (managing design hierarchy).
Attribute `top' found on module `tick_formal_top'. Setting top module to tick_formal_top.

4.1. Analyzing design hierarchy..
Top module:  \tick_formal_top
Used module:     \tick_core

4.2. Analyzing design hierarchy..
Top module:  \tick_formal_top
Used module:     \tick_core
Removed 0 unused modules.
Module tick_formal_top directly or indirectly contains formal properties -> setting "keep" attribute.

5. Executing jny backend.

6. Executing RTLIL backend.
Output filename: ../model/design.il

Warnings: 4 unique messages, 4 total
End of script. Logfile hash: c00e6c0e7b, time: 0.21s, user: 0.20s, system: 0.01s, MEM: 43.28 MB peak
Yosys 0.68+post (git sha1 c12172fbae8af5e20f6fb52e3d4e92d56ed587b6, Release, AppleClang clang++ 21.0.0.21000101)
Time spent: 28% 1x proc_mux (0 sec), 11% 2x hierarchy (0 sec), ...
